Microchip Technology Inc, v v5.00 (B)

Tool Name:
  /ldrv/opt/microchip/xc32/v5.00/pic32a/bin/bin/../bin/elf-ld

Command:
  -p32AK1216GC41064 \
  --mdfp=/root/.mchp_packs/Microchip/PIC32AK-GC_DFP/1.1.53/xc32 \
  -o \
  dist/default/production/analog_fe.X.production.elf \
  -L/ldrv/opt/microchip/xc32/v5.00/pic32a/bin/bin/.. \
  -L/root/.mchp_packs/Microchip/PIC32AK-GC_DFP/1.1.53/xc32/bin/../support/PIC32A/gld \
  -L/ldrv/opt/microchip/xc32/v5.00/pic32a/bin/bin/../../lib \
  -L/ldrv/opt/microchip/xc32/v5.00/pic32a/bin/bin/../../support/PIC32A/gld \
  build/default/production/_ext/60163342/plib_adc2.o \
  build/default/production/_ext/60165246/plib_sccp1.o \
  build/default/production/_ext/60165246/plib_sccp2.o \
  build/default/production/_ext/60165520/plib_clk.o \
  build/default/production/_ext/165463675/plib_cmp1.o \
  build/default/production/_ext/60166502/plib_dma.o \
  build/default/production/_ext/1865254177/plib_gpio.o \
  build/default/production/_ext/1865312166/plib_intc.o \
  build/default/production/_ext/60177166/plib_opa2.o \
  build/default/production/_ext/60178356/plib_pwm.o \
  build/default/production/_ext/60178755/plib_qei1.o \
  build/default/production/_ext/1868329136/plib_spi3_host.o \
  build/default/production/_ext/1868329136/plib_spi2_host.o \
  build/default/production/_ext/1868329136/plib_spi1_host.o \
  build/default/production/_ext/60181895/plib_tmr1.o \
  build/default/production/_ext/1865657120/plib_uart1.o \
  build/default/production/_ext/163028504/xc32_monitor.o \
  build/default/production/_ext/1171490990/initialization.o \
  build/default/production/_ext/1171490990/interrupts.o \
  build/default/production/_ext/1171490990/traps.o \
  build/default/production/_ext/285195972/ChrFont0.o \
  build/default/production/_ext/285195972/FillPat.o \
  build/default/production/_ext/285195972/OledDriver.o \
  build/default/production/_ext/285195972/foo.o \
  build/default/production/_ext/285195972/eadog.o \
  build/default/production/_ext/285195972/OledGrph.o \
  build/default/production/_ext/285195972/lcd_drv.o \
  build/default/production/_ext/285195972/OledChar.o \
  build/default/production/_ext/285195972/dogm-graphic.o \
  build/default/production/_ext/1360937237/main.o \
  build/default/production/_ext/1360937237/gfx.o \
  build/default/production/_ext/1360937237/timers.o \
  build/default/production/_ext/1360937237/is66.o \
  build/default/production/_ext/1360937237/sca3300.o \
  build/default/production/_ext/1360937237/imu.o \
  --defsym=__MPLAB_BUILD=1 \
  -Tp32AK1216GC41064.gld.00 \
  --heap=0 \
  --data-init \
  --gc-sections \
  --isr \
  --stackguard=16 \
  --no-force-link \
  --smart-io \
  -Map=dist/default/production/analog_fe.X.production.map \
  --report-mem \
  --memorysummary \
  dist/default/production/memoryfile.xml \
  -start-group \
  --library=c99-pic30-elf \
  --library=m-elf \
  --library=c99-elf \
  -end-group \


Optional library libp32AK1216GC41064.a not found
Archive member included to satisfy reference by file (symbol)

/ldrv/opt/microchip/xc32/v5.00/pic32a/bin/bin/../../lib/libc99-pic30-elf.a(crt_start_mode_normal.AAMeo)
                              (__crt_start_mode_normal)
/ldrv/opt/microchip/xc32/v5.00/pic32a/bin/bin/../../lib/libc99-pic30-elf.a(crt0_extendedaa.o)
                              (__resetPRI)
/ldrv/opt/microchip/xc32/v5.00/pic32a/bin/bin/../../lib/libc99-pic30-elf.a(data_init_extendedaa.o)
                              /ldrv/opt/microchip/xc32/v5.00/pic32a/bin/bin/../../lib/libc99-pic30-elf.a(crt0_extendedaa.o) (__data_init_extended)
/ldrv/opt/microchip/xc32/v5.00/pic32a/bin/bin/../../lib/libc99-elf.a(__sio_snprintf_dfosux.GENERIC-32PIC-AK_o)
                              build/default/production/_ext/1360937237/main.o (__snprintf_cdfFnopsuxX)
/ldrv/opt/microchip/xc32/v5.00/pic32a/bin/bin/../../lib/libc99-elf.a(__sio_snprintf_s.GENERIC-32PIC-AK_o)
                              build/default/production/_ext/1360937237/main.o (__snprintf_s)
/ldrv/opt/microchip/xc32/v5.00/pic32a/bin/bin/../../lib/libc99-elf.a(strlen.GENERIC-32PIC-AK_o)
                              build/default/production/_ext/285195972/eadog.o (_strlen)
/ldrv/opt/microchip/xc32/v5.00/pic32a/bin/bin/../../lib/libc99-elf.a(__fmt_d.GENERIC-32PIC-AK_o)
                              /ldrv/opt/microchip/xc32/v5.00/pic32a/bin/bin/../../lib/libc99-elf.a(__sio_snprintf_dfosux.GENERIC-32PIC-AK_o) (___fmt_d_needed)
/ldrv/opt/microchip/xc32/v5.00/pic32a/bin/bin/../../lib/libc99-elf.a(__fmt_fp.GENERIC-32PIC-AK_o)
                              /ldrv/opt/microchip/xc32/v5.00/pic32a/bin/bin/../../lib/libc99-elf.a(__sio_snprintf_dfosux.GENERIC-32PIC-AK_o) (___fmt_f_needed)
/ldrv/opt/microchip/xc32/v5.00/pic32a/bin/bin/../../lib/libc99-elf.a(__fmt_o.GENERIC-32PIC-AK_o)
                              /ldrv/opt/microchip/xc32/v5.00/pic32a/bin/bin/../../lib/libc99-elf.a(__sio_snprintf_dfosux.GENERIC-32PIC-AK_o) (___fmt_o_needed)
[...]
Memory Configuration

Name             Origin             Length             Attributes
data             0x004000           0x004000           a !xr
FCP              0x7f3000           0x000002  
FICD             0x7f3010           0x000002  
FDEVOPT          0x7f3020           0x000002  
FWDT             0x7f3030           0x000002  
FPR0CTRL         0x7f4000           0x000002  
FPR0ST           0x7f4004           0x000002  
FPR0END          0x7f4008           0x000002  
FPR1CTRL         0x7f4010           0x000002  
FPR1ST           0x7f4014           0x000002  
FPR1END          0x7f4018           0x000002  
FPR2CTRL         0x7f4020           0x000002  
FPR2ST           0x7f4024           0x000002  
FPR2END          0x7f4028           0x000002  
FPR3CTRL         0x7f4030           0x000002  
FPR3ST           0x7f4034           0x000002  
FPR3END          0x7f4038           0x000002  
FPR4CTRL         0x7f4040           0x000002  
FPR4ST           0x7f4044           0x000002  
FPR4END          0x7f4048           0x000002  
FPR5CTRL         0x7f4050           0x000002  
FPR5ST           0x7f4054           0x000002  
FPR5END          0x7f4058           0x000002  
FPR6CTRL         0x7f4060           0x000002  
FPR6ST           0x7f4064           0x000002  
FPR6END          0x7f4068           0x000002  
FPR7CTRL         0x7f4070           0x000002  
FPR7ST           0x7f4074           0x000002  
FPR7END          0x7f4078           0x000002  
FIRT             0x7f4080           0x000002  
FSECDBG          0x7f4090           0x000002  
FPED             0x7f40a0           0x000002  
FEPUCB           0x7f40b0           0x000002  
FWPUCB           0x7f40c0           0x000002  
reset            0x800000           0x000004  
program          0x800004           0x01fffc           xr
*default*        0x000000           0xffffffffffffffff  

Linker script and memory map

LOAD build/default/production/_ext/60163342/plib_adc2.o
LOAD build/default/production/_ext/60165246/plib_sccp1.o
LOAD build/default/production/_ext/60165246/plib_sccp2.o
LOAD build/default/production/_ext/60165520/plib_clk.o
LOAD build/default/production/_ext/165463675/plib_cmp1.o
LOAD build/default/production/_ext/60166502/plib_dma.o
LOAD build/default/production/_ext/1865254177/plib_gpio.o
LOAD build/default/production/_ext/1865312166/plib_intc.o
LOAD build/default/production/_ext/60177166/plib_opa2.o
LOAD build/default/production/_ext/60178356/plib_pwm.o
LOAD build/default/production/_ext/60178755/plib_qei1.o
LOAD build/default/production/_ext/1868329136/plib_spi3_host.o
LOAD build/default/production/_ext/1868329136/plib_spi2_host.o
LOAD build/default/production/_ext/1868329136/plib_spi1_host.o
LOAD build/default/production/_ext/60181895/plib_tmr1.o
LOAD build/default/production/_ext/1865657120/plib_uart1.o
LOAD build/default/production/_ext/163028504/xc32_monitor.o
LOAD build/default/production/_ext/1171490990/initialization.o
LOAD build/default/production/_ext/1171490990/interrupts.o
LOAD build/default/production/_ext/1171490990/traps.o
LOAD build/default/production/_ext/285195972/ChrFont0.o
LOAD build/default/production/_ext/285195972/FillPat.o
LOAD build/default/production/_ext/285195972/OledDriver.o
LOAD build/default/production/_ext/285195972/foo.o
LOAD build/default/production/_ext/285195972/eadog.o
LOAD build/default/production/_ext/285195972/OledGrph.o
LOAD build/default/production/_ext/285195972/lcd_drv.o
LOAD build/default/production/_ext/285195972/OledChar.o
LOAD build/default/production/_ext/285195972/dogm-graphic.o
LOAD build/default/production/_ext/1360937237/main.o
LOAD build/default/production/_ext/1360937237/gfx.o
LOAD build/default/production/_ext/1360937237/timers.o
LOAD build/default/production/_ext/1360937237/is66.o
LOAD build/default/production/_ext/1360937237/sca3300.o
LOAD build/default/production/_ext/1360937237/imu.o
                    0x0001                  __MPLAB_BUILD = 0x1
LOAD p32AK1216GC41064
LOAD /ldrv/opt/microchip/xc32/v5.00/pic32a/bin/bin/../../lib/libfx-elf.a
                    0x7f3000                  __FCP = 0x7f3000
                    0x7f3010                  __FICD = 0x7f3010
                    0x7f3020                  __FDEVOPT = 0x7f3020
                    0x7f3030                  __FWDT = 0x7f3030
                    0x7f4000                  __FPR0CTRL = 0x7f4000
                    0x7f4004                  __FPR0ST = 0x7f4004
                    0x7f4008                  __FPR0END = 0x7f4008
                    0x7f4010                  __FPR1CTRL = 0x7f4010
                    0x7f4014                  __FPR1ST = 0x7f4014
                    0x7f4018                  __FPR1END = 0x7f4018
                    0x7f4020                  __FPR2CTRL = 0x7f4020
                    0x7f4024                  __FPR2ST = 0x7f4024
                    0x7f4028                  __FPR2END = 0x7f4028
                    0x7f4030                  __FPR3CTRL = 0x7f4030
                    0x7f4034                  __FPR3ST = 0x7f4034
                    0x7f4038                  __FPR3END = 0x7f4038
                    0x7f4040                  __FPR4CTRL = 0x7f4040
                    0x7f4044                  __FPR4ST = 0x7f4044
                    0x7f4048                  __FPR4END = 0x7f4048
                    0x7f4050                  __FPR5CTRL = 0x7f4050
                    0x7f4054                  __FPR5ST = 0x7f4054
                    0x7f4058                  __FPR5END = 0x7f4058
                    0x7f4060                  __FPR6CTRL = 0x7f4060
                    0x7f4064                  __FPR6ST = 0x7f4064
                    0x7f4068                  __FPR6END = 0x7f4068
                    0x7f4070                  __FPR7CTRL = 0x7f4070
                    0x7f4074                  __FPR7ST = 0x7f4074
                    0x7f4078                  __FPR7END = 0x7f4078
                    0x7f4080                  __FIRT = 0x7f4080
                    0x7f4090                  __FSECDBG = 0x7f4090
                    0x7f40a0                  __FPED = 0x7f40a0
                    0x7f40b0                  __FEPUCB = 0x7f40b0
                    0x7f40c0                  __FWPUCB = 0x7f40c0
                    0x801000                  __CODE_BASE = 0x801000
                    0x1f000                  __CODE_LENGTH = 0x1f000
                    0x4000                  __DATA_BASE = 0x4000
                    0x4000                  __DATA_LENGTH = 0x4000
                    0x6000                  __YDATA_BASE = 0x6000
                    0x8000                  __YDATA_END = 0x8000

.reset            0x800000          0x4
                  0x800000          0x4 LONG 0x800480 ABSOLUTE (__reset)

.text             0x800480       0x2274
 *(.init)
 .init            0x800480         0xac /ldrv/opt/microchip/xc32/v5.00/pic32a/bin/bin/../../lib/libc99-pic30-elf.a(crt0_extendedaa.o)
                  0x800480                  __resetPRI
                  0x800480                  __reset
 .init            0x80052c         0x60 /ldrv/opt/microchip/xc32/v5.00/pic32a/bin/bin/../../lib/libc99-pic30-elf.a(data_init_extendedaa.o)
                  0x80052c                  __data_init
                  0x80052c                  __data_init_extended
 *(.user_init)
 *(.handle)
 *(.isr*)
 .isr.text._T1Interrupt
                  0x80058c         0x58 build/default/production/_ext/1171490990/interrupts.o
                  0x80058c                  __T1Interrupt
 .isr.text._CCT1Interrupt
                  0x8005e4         0x58 build/default/production/_ext/1171490990/interrupts.o
                  0x8005e4                  __CCT1Interrupt
 .isr.text._CCT2Interrupt
                  0x80063c          0x8 build/default/production/_ext/1171490990/interrupts.o
                  0x80063c                  __CCT2Interrupt
 .isr.text._SPI1RXInterrupt
                  0x800644         0x58 build/default/production/_ext/1171490990/interrupts.o
                  0x800644                  __SPI1RXInterrupt
 .isr.text._SPI1TXInterrupt
                  0x80069c         0x58 build/default/production/_ext/1171490990/interrupts.o
                  0x80069c                  __SPI1TXInterrupt
 .isr.text._SPI1EInterrupt
                  0x8006f4         0x58 build/default/production/_ext/1171490990/interrupts.o
                  0x8006f4                  __SPI1EInterrupt
 .isr.text._SPI2RXInterrupt
                  0x80074c         0x58 build/default/production/_ext/1171490990/interrupts.o
                  0x80074c                  __SPI2RXInterrupt
 .isr.text._SPI2TXInterrupt
                  0x8007a4         0x58 build/default/production/_ext/1171490990/interrupts.o
                  0x8007a4                  __SPI2TXInterrupt
 .isr.text._DMA0Interrupt
                  0x8007fc         0x58 build/default/production/_ext/1171490990/interrupts.o
                  0x8007fc                  __DMA0Interrupt
 .isr.text._DMA1Interrupt
                  0x800854         0x58 build/default/production/_ext/1171490990/interrupts.o
                  0x800854                  __DMA1Interrupt
 .isr.text._U1RXInterrupt
                  0x8008ac         0x58 build/default/production/_ext/1171490990/interrupts.o
                  0x8008ac                  __U1RXInterrupt
 .isr.text._U1TXInterrupt
                  0x800904         0x58 build/default/production/_ext/1171490990/interrupts.o
                  0x800904                  __U1TXInterrupt
 .isr.text._U1EInterrupt
                  0x80095c         0x58 build/default/production/_ext/1171490990/interrupts.o
                  0x80095c                  __U1EInterrupt
 .isr.text._DMA4Interrupt
                  0x8009b4         0x58 build/default/production/_ext/1171490990/interrupts.o
                  0x8009b4                  __DMA4Interrupt
 .isr.text._DMA5Interrupt
                  0x800a0c          0x8 build/default/production/_ext/1171490990/interrupts.o
                  0x800a0c                  __DMA5Interrupt
 .isr.text._BusErrorTrap
                  0x800a14         0xe4 build/default/production/_ext/1171490990/traps.o
                  0x800a14                  __BusErrorTrap
 .isr.text._AddressErrorTrap
                  0x800af8         0x60 build/default/production/_ext/1171490990/traps.o
                  0x800af8                  __AddressErrorTrap
 .isr.text._GeneralTrap
                  0x800b58         0xbc build/default/production/_ext/1171490990/traps.o
                  0x800b58                  __GeneralTrap
 .isr.text._MathErrorTrap
                  0x800c14         0x60 build/default/production/_ext/1171490990/traps.o
                  0x800c14                  __MathErrorTrap
 .isr.text._StackErrorTrap
                  0x800c74         0x74 build/default/production/_ext/1171490990/traps.o
                  0x800c74                  __StackErrorTrap
 .isr.text._IllegalInstructionTrap
                  0x800ce8         0x60 build/default/production/_ext/1171490990/traps.o
                  0x800ce8                  __IllegalInstructionTrap
 .isr             0x800d48          0x8 default_isr
                  0x800d48                  __DefaultInterrupt
 *(.libc)
 *(.libm)
 *(.libdsp)
 *(.lib*)
 .libpic30_crt_start_mode
                  0x800d50          0x4 /ldrv/opt/microchip/xc32/v5.00/pic32a/bin/bin/../../lib/libc99-pic30-elf.a(crt_start_mode_normal.AAMeo)
                  0x800d50                  __crt_start_mode_normal
                  0x800d50                  __crt_start_mode
 .libc.__wrap_snprintf
                  0x800d54         0x14 /ldrv/opt/microchip/xc32/v5.00/pic32a/bin/bin/../../lib/libc99-elf.a(__sio_snprintf_dfosux.GENERIC-32PIC-AK_o)
                  0x800d54                  __dsnprintf_cdeEgGnopsuxX
                  0x800d54                  __snprintf_cdeEgGnopsuxX
                  0x800d54                  __dsnprintf_cdeEfFgGnopsuxX
                  0x800d54                  __snprintf_cdeEnopsuxX
                  0x800d54                  __snprintf_cdeEfFnopsuxX
                  0x800d54                  __dsnprintf_cdfFnopsuxX
                  0x800d54                  __dsnprintf_cdgGnopsuxX
                  0x800d54                  __dsnprintf_cdfFgGnopsuxX
                  0x800d54                  __snprintf_cdgGnopsuxX
                  0x800d54                  __dsnprintf_cdeEfFnopsuxX
                  0x800d54                  __dsnprintf_cdeEnopsuxX
                  0x800d54                  __snprintf_cdfFnopsuxX
                  0x800d54                  __snprintf_cdfFgGnopsuxX
                  0x800d54                  __snprintf_cdeEfFgGnopsuxX
 .libc.__wrap_snprintf
                  0x800d68         0x14 /ldrv/opt/microchip/xc32/v5.00/pic32a/bin/bin/../../lib/libc99-elf.a(__sio_snprintf_s.GENERIC-32PIC-AK_o)
                  0x800d68                  __dsnprintf_s
                  0x800d68                  __snprintf_s
 .libc.strlen     0x800d7c         0x6c /ldrv/opt/microchip/xc32/v5.00/pic32a/bin/bin/../../lib/libc99-elf.a(strlen.GENERIC-32PIC-AK_o)
                  0x800d7c                  _strlen
 .libc.__fmt_d    0x800de8        0x12c /ldrv/opt/microchip/xc32/v5.00/pic32a/bin/bin/../../lib/libc99-elf.a(__fmt_d.GENERIC-32PIC-AK_o)
                  0x800de8                  ___fmt_d
                  0x800de8                  ___fmt_d_needed
 .libc.__fmt_fp
                  0x800f14        0x5ac /ldrv/opt/microchip/xc32/v5.00/pic32a/bin/bin/../../lib/libc99-elf.a(__fmt_fp.GENERIC-32PIC-AK_o)
                  0x800f14                  ___fmt_fp
                  0x800f14                  ___fmt_f_needed
 .libc.__fmt_o    0x8014c0         0xc4 /ldrv/opt/microchip/xc32/v5.00/pic32a/bin/bin/../../lib/libc99-elf.a(__fmt_o.GENERIC-32PIC-AK_o)
                  0x8014c0                  ___fmt_o
                  0x8014c0                  ___fmt_o_needed
 .libc.__fmt_s    0x801584         0x88 /ldrv/opt/microchip/xc32/v5.00/pic32a/bin/bin/../../lib/libc99-elf.a(__fmt_s.GENERIC-32PIC-AK_o)
                  0x801584                  ___fmt_s
                  0x801584                  ___fmt_0_needed
                  0x801584                  ___fmt_s_needed
 .libc.__fmt_u    0x80160c         0x8c /ldrv/opt/microchip/xc32/v5.00/pic32a/bin/bin/../../lib/libc99-elf.a(__fmt_u.GENERIC-32PIC-AK_o)
                  0x80160c                  ___fmt_u
                  0x80160c                  ___fmt_u_needed
 .libc.__fmt_x    0x801698        0x1cc /ldrv/opt/microchip/xc32/v5.00/pic32a/bin/bin/../../lib/libc99-elf.a(__fmt_x.GENERIC-32PIC-AK_o)
                  0x801698                  ___fmt_x
                  0x801698                  ___fmt_x_needed
 .libc.__vsnprintf
                  0x801864         0x7c /ldrv/opt/microchip/xc32/v5.00/pic32a/bin/bin/../../lib/libc99-elf.a(__int_vsnprintf.GENERIC-32PIC-AK_o)
                  0x801864                  ___vsnprintf
 .libc.__pad      0x8018e0         0xc4 /ldrv/opt/microchip/xc32/v5.00/pic32a/bin/bin/../../lib/libc99-elf.a(__printf_core.GENERIC-32PIC-AK_o)
                  0x8018e0                  ___pad
 .libc.__dummy_fmt4
                  0x8019a4          0x4 /ldrv/opt/microchip/xc32/v5.00/pic32a/bin/bin/../../lib/libc99-elf.a(__printf_core.GENERIC-32PIC-AK_o)
                  0x8019a4                  ___fmt_a
 .libc.__fmt_state
                  0x8019a8         0x58 /ldrv/opt/microchip/xc32/v5.00/pic32a/bin/bin/../../lib/libc99-elf.a(__printf_core.GENERIC-32PIC-AK_o)
                  0x8019a8                  ___fmt_state
 .libc.__printf_core
                  0x801a00        0x500 /ldrv/opt/microchip/xc32/v5.00/pic32a/bin/bin/../../lib/libc99-elf.a(__printf_core.GENERIC-32PIC-AK_o)
                  0x801a00                  ___printf_core
 .libc.memcpy     0x801f00         0x1c /ldrv/opt/microchip/xc32/v5.00/pic32a/bin/bin/../../lib/libc99-elf.a(memcpy.GENERIC-32PIC-AK_o)
                  0x801f00                  _memcpy
 .libc.memset     0x801f1c         0x18 /ldrv/opt/microchip/xc32/v5.00/pic32a/bin/bin/../../lib/libc99-elf.a(memset.GENERIC-32PIC-AK_o)
                  0x801f1c                  _memset
 .libc.__cvt_u    0x801f34        0x10c /ldrv/opt/microchip/xc32/v5.00/pic32a/bin/bin/../../lib/libc99-elf.a(__cvt_u.GENERIC-32PIC-AK_o)
                  0x801f34                  ___cvt_u
 .libc.__vfprintf
                  0x802040         0x2c /ldrv/opt/microchip/xc32/v5.00/pic32a/bin/bin/../../lib/libc99-elf.a(__int_vfprintf.GENERIC-32PIC-AK_o)
                  0x802040                  ___vfprintf
 .libc.__fwrite_min
                  0x80206c          0x8 /ldrv/opt/microchip/xc32/v5.00/pic32a/bin/bin/../../lib/libc99-elf.a(__out.GENERIC-32PIC-AK_o)
                  0x80206c                  ___fwrite
                  0x80206c                  ___stdio_write
                  0x80206c                  ___stdio_write_unbuffered
 .libc.__out      0x802074         0x74 /ldrv/opt/microchip/xc32/v5.00/pic32a/bin/bin/../../lib/libc99-elf.a(__out.GENERIC-32PIC-AK_o)
                  0x802074                  ___out
                  0x802074                  ___out_needed
 .libc.__pop_float
                  0x8020e8         0x5c /ldrv/opt/microchip/xc32/v5.00/pic32a/bin/bin/../../lib/libc99-elf.a(__pop_float.GENERIC-32PIC-AK_o)
                  0x8020e8                  ___pop_float_needed
                  0x8020e8                  ___pop_float
 .libc.__pop_int
                  0x802144        0x168 /ldrv/opt/microchip/xc32/v5.00/pic32a/bin/bin/../../lib/libc99-elf.a(__pop_int.GENERIC-32PIC-AK_o)
                  0x802144                  ___pop_int_needed
                  0x802144                  ___pop_int
 .libc.__pop_ptr
                  0x8022ac         0xbc /ldrv/opt/microchip/xc32/v5.00/pic32a/bin/bin/../../lib/libc99-elf.a(__pop_ptr.GENERIC-32PIC-AK_o)
                  0x8022ac                  ___pop_ptr_needed
                  0x8022ac                  ___pop_ptr
 .libc.atoi       0x802368         0x68 /ldrv/opt/microchip/xc32/v5.00/pic32a/bin/bin/../../lib/libc99-elf.a(atoi.GENERIC-32PIC-AK_o)
                  0x802368                  _atoi
 .libc.strcpy     0x8023d0         0x10 /ldrv/opt/microchip/xc32/v5.00/pic32a/bin/bin/../../lib/libc99-elf.a(strcpy.GENERIC-32PIC-AK_o)
                  0x8023d0                  _strcpy
 .libc.tolower    0x8023e0         0x10 /ldrv/opt/microchip/xc32/v5.00/pic32a/bin/bin/../../lib/libc99-elf.a(tolower.GENERIC-32PIC-AK_o)
                  0x8023e0                  _tolower
 .libc.toupper    0x8023f0         0x14 /ldrv/opt/microchip/xc32/v5.00/pic32a/bin/bin/../../lib/libc99-elf.a(toupper.GENERIC-32PIC-AK_o)
                  0x8023f0                  _toupper
 .libc.__stpcpy
                  0x802404         0x80 /ldrv/opt/microchip/xc32/v5.00/pic32a/bin/bin/../../lib/libc99-elf.a(stpcpy.GENERIC-32PIC-AK_o)
                  0x802404                  ___stpcpy
                  0x802404                  _stpcpy
 .libm.extendsfdf2
                  0x802484         0x64 /ldrv/opt/microchip/xc32/v5.00/pic32a/bin/bin/../../lib/libc99-pic30-elf.a(extendsfdf.aa.AA_eo)
                  0x802484                  ___extendsfdf2
 .libm.funpack    0x8024e8         0x50 /ldrv/opt/microchip/xc32/v5.00/pic32a/bin/bin/../../lib/libc99-pic30-elf.a(funpack.aa.AA_eo)
                  0x8024e8                  __funpack
 .libm.__udivmoddi3
                  0x802538         0xd0 /ldrv/opt/microchip/xc32/v5.00/pic32a/bin/bin/../../lib/libc99-pic30-elf.a(divmoddi3.AA_eo)
                  0x802538                  ___udivmoddi3
 .libm.__udivdi3
                  0x802608          0x8 /ldrv/opt/microchip/xc32/v5.00/pic32a/bin/bin/../../lib/libc99-pic30-elf.a(divmoddi3.AA_eo)
                  0x802608                  ___udivdi3
 .libm.__umoddi3
                  0x802610          0x8 /ldrv/opt/microchip/xc32/v5.00/pic32a/bin/bin/../../lib/libc99-pic30-elf.a(divmoddi3.AA_eo)
                  0x802610                  ___umoddi3
 .libc.floorl     0x802618         0xdc /ldrv/opt/microchip/xc32/v5.00/pic32a/bin/bin/../../lib/libm-elf.a(floorl.GENERIC-32PIC-AK_o)
                  0x802618                  _floorl

usercode
 *(usercode)

__FCP
 *(__FCP.sec*)

__FICD
 *(__FICD.sec*)

__FDEVOPT
 *(__FDEVOPT.sec*)

__FWDT
 *(__FWDT.sec*)

__FPR0CTRL
 *(__FPR0CTRL.sec*)

__FPR0ST
 *(__FPR0ST.sec*)

__FPR0END
 *(__FPR0END.sec*)

__FPR1CTRL
 *(__FPR1CTRL.sec*)

__FPR1ST
 *(__FPR1ST.sec*)

__FPR1END
 *(__FPR1END.sec*)

__FPR2CTRL
 *(__FPR2CTRL.sec*)

__FPR2ST
 *(__FPR2ST.sec*)

__FPR2END
 *(__FPR2END.sec*)

__FPR3CTRL
 *(__FPR3CTRL.sec*)

__FPR3ST
 *(__FPR3ST.sec*)

__FPR3END
 *(__FPR3END.sec*)

__FPR4CTRL
 *(__FPR4CTRL.sec*)

__FPR4ST
 *(__FPR4ST.sec*)

__FPR4END
 *(__FPR4END.sec*)

__FPR5CTRL
 *(__FPR5CTRL.sec*)

__FPR5ST
 *(__FPR5ST.sec*)

__FPR5END
 *(__FPR5END.sec*)

__FPR6CTRL
 *(__FPR6CTRL.sec*)

__FPR6ST
 *(__FPR6ST.sec*)

__FPR6END
 *(__FPR6END.sec*)

__FPR7CTRL
 *(__FPR7CTRL.sec*)

__FPR7ST
 *(__FPR7ST.sec*)

__FPR7END
 *(__FPR7END.sec*)

__FIRT
 *(__FIRT.sec*)

__FSECDBG
 *(__FSECDBG.sec*)

__FPED
 *(__FPED.sec*)

__FEPUCB
 *(__FEPUCB.sec*)

__FWPUCB
 *(__FWPUCB.sec*)

.comment            0x0000       0x171a
 *(.comment)
 .comment           0x0000         0x62 build/default/production/_ext/60163342/plib_adc2.o
 .comment           0x0062         0x62 build/default/production/_ext/60165246/plib_sccp1.o
 .comment           0x00c4         0x62 build/default/production/_ext/60165246/plib_sccp2.o
 .comment           0x0126         0x62 build/default/production/_ext/60165520/plib_clk.o
 .comment           0x0188         0x62 build/default/production/_ext/165463675/plib_cmp1.o
 .comment           0x01ea         0x62 build/default/production/_ext/60166502/plib_dma.o
 .comment           0x024c         0x62 build/default/production/_ext/1865254177/plib_gpio.o
 .comment           0x02ae         0x62 build/default/production/_ext/1865312166/plib_intc.o
 .comment           0x0310         0x62 build/default/production/_ext/60177166/plib_opa2.o
 .comment           0x0372         0x62 build/default/production/_ext/60178356/plib_pwm.o
 .comment           0x03d4         0x62 build/default/production/_ext/60178755/plib_qei1.o
 .comment           0x0436         0x62 build/default/production/_ext/1868329136/plib_spi3_host.o
 .comment           0x0498         0x62 build/default/production/_ext/1868329136/plib_spi2_host.o
 .comment           0x04fa         0x62 build/default/production/_ext/1868329136/plib_spi1_host.o
 .comment           0x055c         0x62 build/default/production/_ext/60181895/plib_tmr1.o
 .comment           0x05be         0x62 build/default/production/_ext/1865657120/plib_uart1.o
 .comment           0x0620         0x62 build/default/production/_ext/163028504/xc32_monitor.o
 .comment           0x0682         0x62 build/default/production/_ext/1171490990/initialization.o
 .comment           0x06e4         0x62 build/default/production/_ext/1171490990/interrupts.o
 .comment           0x0746         0x62 build/default/production/_ext/1171490990/traps.o
 .comment           0x07a8         0x62 build/default/production/_ext/285195972/ChrFont0.o
 .comment           0x080a         0x62 build/default/production/_ext/285195972/FillPat.o
 .comment           0x086c         0x62 build/default/production/_ext/285195972/OledDriver.o
 .comment           0x08ce         0x62 build/default/production/_ext/285195972/foo.o
 .comment           0x0930         0x62 build/default/production/_ext/285195972/eadog.o
 .comment           0x0992         0x62 build/default/production/_ext/285195972/OledGrph.o
 .comment           0x09f4         0x62 build/default/production/_ext/285195972/lcd_drv.o
 .comment           0x0a56         0x62 build/default/production/_ext/285195972/OledChar.o
 .comment           0x0ab8         0x62 build/default/production/_ext/285195972/dogm-graphic.o
 .comment           0x0b1a         0x62 build/default/production/_ext/1360937237/main.o
 .comment           0x0b7c         0x62 build/default/production/_ext/1360937237/gfx.o
 .comment           0x0bde         0x62 build/default/production/_ext/1360937237/timers.o
 .comment           0x0c40         0x62 build/default/production/_ext/1360937237/is66.o
 .comment           0x0ca2         0x62 build/default/production/_ext/1360937237/sca3300.o
 .comment           0x0d04         0x62 build/default/production/_ext/1360937237/imu.o
 .comment           0x0d66         0x5c /ldrv/opt/microchip/xc32/v5.00/pic32a/bin/bin/../../lib/libc99-elf.a(__sio_snprintf_dfosux.GENERIC-32PIC-AK_o)
 .comment           0x0dc2         0x5c /ldrv/opt/microchip/xc32/v5.00/pic32a/bin/bin/../../lib/libc99-elf.a(__sio_snprintf_s.GENERIC-32PIC-AK_o)
 .comment           0x0e1e         0x5c /ldrv/opt/microchip/xc32/v5.00/pic32a/bin/bin/../../lib/libc99-elf.a(strlen.GENERIC-32PIC-AK_o)
 .comment           0x0e7a         0x5c /ldrv/opt/microchip/xc32/v5.00/pic32a/bin/bin/../../lib/libc99-elf.a(__fmt_d.GENERIC-32PIC-AK_o)
 .comment           0x0ed6         0x5c /ldrv/opt/microchip/xc32/v5.00/pic32a/bin/bin/../../lib/libc99-elf.a(__fmt_fp.GENERIC-32PIC-AK_o)
 .comment           0x0f32         0x5c /ldrv/opt/microchip/xc32/v5.00/pic32a/bin/bin/../../lib/libc99-elf.a(__fmt_o.GENERIC-32PIC-AK_o)
 .comment           0x0f8e         0x5c /ldrv/opt/microchip/xc32/v5.00/pic32a/bin/bin/../../lib/libc99-elf.a(__fmt_s.GENERIC-32PIC-AK_o)
 .comment           0x0fea         0x5c /ldrv/opt/microchip/xc32/v5.00/pic32a/bin/bin/../../lib/libc99-elf.a(__fmt_u.GENERIC-32PIC-AK_o)
 .comment           0x1046         0x5c /ldrv/opt/microchip/xc32/v5.00/pic32a/bin/bin/../../lib/libc99-elf.a(__fmt_x.GENERIC-32PIC-AK_o)
 .comment           0x10a2         0x5c /ldrv/opt/microchip/xc32/v5.00/pic32a/bin/bin/../../lib/libc99-elf.a(__int_vsnprintf.GENERIC-32PIC-AK_o)
 .comment           0x10fe         0x5c /ldrv/opt/microchip/xc32/v5.00/pic32a/bin/bin/../../lib/libc99-elf.a(__printf_core.GENERIC-32PIC-AK_o)
 .comment           0x115a         0x5c /ldrv/opt/microchip/xc32/v5.00/pic32a/bin/bin/../../lib/libc99-elf.a(memcpy.GENERIC-32PIC-AK_o)
 .comment           0x11b6         0x5c /ldrv/opt/microchip/xc32/v5.00/pic32a/bin/bin/../../lib/libc99-elf.a(memset.GENERIC-32PIC-AK_o)
 .comment           0x1212         0x5c /ldrv/opt/microchip/xc32/v5.00/pic32a/bin/bin/../../lib/libc99-elf.a(__cvt_u.GENERIC-32PIC-AK_o)
 .comment           0x126e         0x5c /ldrv/opt/microchip/xc32/v5.00/pic32a/bin/bin/../../lib/libc99-elf.a(__int_vfprintf.GENERIC-32PIC-AK_o)
 .comment           0x12ca         0x5c /ldrv/opt/microchip/xc32/v5.00/pic32a/bin/bin/../../lib/libc99-elf.a(__out.GENERIC-32PIC-AK_o)
 .comment           0x1326         0x5c /ldrv/opt/microchip/xc32/v5.00/pic32a/bin/bin/../../lib/libc99-elf.a(__pop_float.GENERIC-32PIC-AK_o)
 .comment           0x1382         0x5c /ldrv/opt/microchip/xc32/v5.00/pic32a/bin/bin/../../lib/libc99-elf.a(__pop_int.GENERIC-32PIC-AK_o)
 .comment           0x13de         0x5c /ldrv/opt/microchip/xc32/v5.00/pic32a/bin/bin/../../lib/libc99-elf.a(__pop_ptr.GENERIC-32PIC-AK_o)
 .comment           0x143a         0x5c /ldrv/opt/microchip/xc32/v5.00/pic32a/bin/bin/../../lib/libc99-elf.a(atoi.GENERIC-32PIC-AK_o)
 .comment           0x1496         0x5c /ldrv/opt/microchip/xc32/v5.00/pic32a/bin/bin/../../lib/libc99-elf.a(strcpy.GENERIC-32PIC-AK_o)
 .comment           0x14f2         0x5c /ldrv/opt/microchip/xc32/v5.00/pic32a/bin/bin/../../lib/libc99-elf.a(tolower.GENERIC-32PIC-AK_o)
 .comment           0x154e         0x5c /ldrv/opt/microchip/xc32/v5.00/pic32a/bin/bin/../../lib/libc99-elf.a(toupper.GENERIC-32PIC-AK_o)
 .comment           0x15aa         0x5c /ldrv/opt/microchip/xc32/v5.00/pic32a/bin/bin/../../lib/libc99-elf.a(__errno_location.GENERIC-32PIC-AK_o)
 .comment           0x1606         0x5c /ldrv/opt/microchip/xc32/v5.00/pic32a/bin/bin/../../lib/libc99-elf.a(stpcpy.GENERIC-32PIC-AK_o)
 .comment           0x1662         0x5c /ldrv/opt/microchip/xc32/v5.00/pic32a/bin/bin/../../lib/libc99-pic30-elf.a(divmoddi3.AA_eo)
 .comment           0x16be         0x5c /ldrv/opt/microchip/xc32/v5.00/pic32a/bin/bin/../../lib/libm-elf.a(floorl.GENERIC-32PIC-AK_o)

.debug_info         0x0000      0x1b3fc
 *(.debug_info)
 .debug_info        0x0000       0x11a3 build/default/production/_ext/60163342/plib_adc2.o
 .debug_info        0x11a3        0x801 build/default/production/_ext/60165246/plib_sccp1.o
 .debug_info        0x19a4        0x801 build/default/production/_ext/60165246/plib_sccp2.o
 .debug_info        0x21a5       0x1170 build/default/production/_ext/60165520/plib_clk.o
 .debug_info        0x3315        0x5b1 build/default/production/_ext/165463675/plib_cmp1.o
 .debug_info        0x38c6       0x20bb build/default/production/_ext/60166502/plib_dma.o
 .debug_info        0x5981        0xd8d build/default/production/_ext/1865254177/plib_gpio.o
 .debug_info        0x670e        0xa95 build/default/production/_ext/1865312166/plib_intc.o
 .debug_info        0x71a3        0x453 build/default/production/_ext/60177166/plib_opa2.o
 .debug_info        0x75f6        0x8f1 build/default/production/_ext/60178356/plib_pwm.o
 .debug_info        0x7ee7        0x48d build/default/production/_ext/60178755/plib_qei1.o
 .debug_info        0x8374        0xd28 build/default/production/_ext/1868329136/plib_spi3_host.o
 .debug_info        0x909c       0x1624 build/default/production/_ext/1868329136/plib_spi2_host.o
 .debug_info        0xa6c0       0x1b00 build/default/production/_ext/1868329136/plib_spi1_host.o
 .debug_info        0xc1c0        0xcb7 build/default/production/_ext/60181895/plib_tmr1.o
 .debug_info        0xce77       0x1dd0 build/default/production/_ext/1865657120/plib_uart1.o
 .debug_info        0xec47        0x237 build/default/production/_ext/163028504/xc32_monitor.o
 .debug_info        0xee7e        0x3bf build/default/production/_ext/1171490990/initialization.o
 .debug_info        0xf23d        0x5a6 build/default/production/_ext/1171490990/interrupts.o
 .debug_info        0xf7e3        0x7eb build/default/production/_ext/1171490990/traps.o
 .debug_info        0xffce        0x234 build/default/production/_ext/285195972/ChrFont0.o
 .debug_info        0x10202        0x230 build/default/production/_ext/285195972/FillPat.o
 .debug_info        0x10432        0xde0 build/default/production/_ext/285195972/OledDriver.o
 .debug_info        0x11212        0x248 build/default/production/_ext/285195972/foo.o
 .debug_info        0x1145a       0x1048 build/default/production/_ext/285195972/eadog.o
 .debug_info        0x124a2        0xe85 build/default/production/_ext/285195972/OledGrph.o
 .debug_info        0x13327        0x6df build/default/production/_ext/285195972/lcd_drv.o
 .debug_info        0x13a06        0x633 build/default/production/_ext/285195972/OledChar.o
 .debug_info        0x14039        0xbbd build/default/production/_ext/285195972/dogm-graphic.o
 .debug_info        0x14bf6       0x1737 build/default/production/_ext/1360937237/main.o
 .debug_info        0x1632d        0xc73 build/default/production/_ext/1360937237/gfx.o
 .debug_info        0x16fa0        0x556 build/default/production/_ext/1360937237/timers.o
 .debug_info        0x174f6       0x1ba2 build/default/production/_ext/1360937237/is66.o
 .debug_info        0x19098       0x17c6 build/default/production/_ext/1360937237/sca3300.o
 .debug_info        0x1a85e        0xb52 build/default/production/_ext/1360937237/imu.o
 .debug_info        0x1b3b0         0x26 /ldrv/opt/microchip/xc32/v5.00/pic32a/bin/bin/../../lib/libc99-pic30-elf.a(extendsfdf.aa.AA_eo)
 .debug_info        0x1b3d6         0x26 /ldrv/opt/microchip/xc32/v5.00/pic32a/bin/bin/../../lib/libc99-pic30-elf.a(funpack.aa.AA_eo)
 *(.gnu.linkonce.wi.*)

.debug_abbrev       0x0000       0x3da6
 *(.debug_abbrev)
 .debug_abbrev      0x0000        0x1fd build/default/production/_ext/60163342/plib_adc2.o
 .debug_abbrev      0x01fd        0x17d build/default/production/_ext/60165246/plib_sccp1.o
 .debug_abbrev      0x037a        0x17d build/default/production/_ext/60165246/plib_sccp2.o
 .debug_abbrev      0x04f7         0xc3 build/default/production/_ext/60165520/plib_clk.o
 .debug_abbrev      0x05ba         0xe2 build/default/production/_ext/165463675/plib_cmp1.o
 .debug_abbrev      0x069c        0x22e build/default/production/_ext/60166502/plib_dma.o
 .debug_abbrev      0x08ca        0x108 build/default/production/_ext/1865254177/plib_gpio.o
 .debug_abbrev      0x09d2        0x15d build/default/production/_ext/1865312166/plib_intc.o
 .debug_abbrev      0x0b2f         0xfd build/default/production/_ext/60177166/plib_opa2.o
 .debug_abbrev      0x0c2c         0xb2 build/default/production/_ext/60178356/plib_pwm.o
 .debug_abbrev      0x0cde         0xd9 build/default/production/_ext/60178755/plib_qei1.o
 .debug_abbrev      0x0db7        0x235 build/default/production/_ext/1868329136/plib_spi3_host.o
 .debug_abbrev      0x0fec        0x305 build/default/production/_ext/1868329136/plib_spi2_host.o
 .debug_abbrev      0x12f1        0x305 build/default/production/_ext/1868329136/plib_spi1_host.o
 .debug_abbrev      0x15f6        0x220 build/default/production/_ext/60181895/plib_tmr1.o
 .debug_abbrev      0x1816        0x3e7 build/default/production/_ext/1865657120/plib_uart1.o
 .debug_abbrev      0x1bfd         0x94 build/default/production/_ext/163028504/xc32_monitor.o
 .debug_abbrev      0x1c91         0x88 build/default/production/_ext/1171490990/initialization.o
 .debug_abbrev      0x1d19         0x5c build/default/production/_ext/1171490990/interrupts.o
 .debug_abbrev      0x1d75        0x182 build/default/production/_ext/1171490990/traps.o
 .debug_abbrev      0x1ef7         0x61 build/default/production/_ext/285195972/ChrFont0.o
 .debug_abbrev      0x1f58         0x61 build/default/production/_ext/285195972/FillPat.o
 .debug_abbrev      0x1fb9        0x334 build/default/production/_ext/285195972/OledDriver.o
 .debug_abbrev      0x22ed         0x6c build/default/production/_ext/285195972/foo.o
 .debug_abbrev      0x2359        0x269 build/default/production/_ext/285195972/eadog.o
 .debug_abbrev      0x25c2        0x30a build/default/production/_ext/285195972/OledGrph.o
 .debug_abbrev      0x28cc        0x1d5 build/default/production/_ext/285195972/lcd_drv.o
 .debug_abbrev      0x2aa1        0x1a4 build/default/production/_ext/285195972/OledChar.o
 .debug_abbrev      0x2c45        0x297 build/default/production/_ext/285195972/dogm-graphic.o
 .debug_abbrev      0x2edc        0x2d2 build/default/production/_ext/1360937237/main.o
 .debug_abbrev      0x31ae        0x1c5 build/default/production/_ext/1360937237/gfx.o
 .debug_abbrev      0x3373        0x180 build/default/production/_ext/1360937237/timers.o
 .debug_abbrev      0x34f3        0x27f build/default/production/_ext/1360937237/is66.o
 .debug_abbrev      0x3772        0x3c7 build/default/production/_ext/1360937237/sca3300.o
 .debug_abbrev      0x3b39        0x245 build/default/production/_ext/1360937237/imu.o
 .debug_abbrev      0x3d7e         0x14 /ldrv/opt/microchip/xc32/v5.00/pic32a/bin/bin/../../lib/libc99-pic30-elf.a(extendsfdf.aa.AA_eo)
 .debug_abbrev      0x3d92         0x14 /ldrv/opt/microchip/xc32/v5.00/pic32a/bin/bin/../../lib/libc99-pic30-elf.a(funpack.aa.AA_eo)

.debug_line         0x0000       0x8a21
 *(.debug_line)
 .debug_line        0x0000        0x275 build/default/production/_ext/60163342/plib_adc2.o
 .debug_line        0x0275        0x28b build/default/production/_ext/60165246/plib_sccp1.o
 .debug_line        0x0500        0x28b build/default/production/_ext/60165246/plib_sccp2.o
 .debug_line        0x078b        0x3af build/default/production/_ext/60165520/plib_clk.o
 .debug_line        0x0b3a        0x1d2 build/default/production/_ext/165463675/plib_cmp1.o
 .debug_line        0x0d0c        0xcbd build/default/production/_ext/60166502/plib_dma.o
 .debug_line        0x19c9        0x339 build/default/production/_ext/1865254177/plib_gpio.o
 .debug_line        0x1d02        0x30c build/default/production/_ext/1865312166/plib_intc.o
 .debug_line        0x200e        0x17a build/default/production/_ext/60177166/plib_opa2.o
 .debug_line        0x2188        0x3c1 build/default/production/_ext/60178356/plib_pwm.o
 .debug_line        0x2549        0x204 build/default/production/_ext/60178755/plib_qei1.o
 .debug_line        0x274d        0x442 build/default/production/_ext/1868329136/plib_spi3_host.o
 .debug_line        0x2b8f        0x7da build/default/production/_ext/1868329136/plib_spi2_host.o
 .debug_line        0x3369        0x7da build/default/production/_ext/1868329136/plib_spi1_host.o
 .debug_line        0x3b43        0x36f build/default/production/_ext/60181895/plib_tmr1.o
 .debug_line        0x3eb2        0xad8 build/default/production/_ext/1865657120/plib_uart1.o
 .debug_line        0x498a         0xa4 build/default/production/_ext/163028504/xc32_monitor.o
 .debug_line        0x4a2e        0x373 build/default/production/_ext/1171490990/initialization.o
 .debug_line        0x4da1        0x1d7 build/default/production/_ext/1171490990/interrupts.o
 .debug_line        0x4f78        0x29c build/default/production/_ext/1171490990/traps.o
 .debug_line        0x5214         0x7b build/default/production/_ext/285195972/ChrFont0.o
 .debug_line        0x528f         0x7a build/default/production/_ext/285195972/FillPat.o
 .debug_line        0x5309        0x46a build/default/production/_ext/285195972/OledDriver.o
 .debug_line        0x5773         0x83 build/default/production/_ext/285195972/foo.o
 .debug_line        0x57f6        0x52c build/default/production/_ext/285195972/eadog.o
 .debug_line        0x5d22        0x8dc build/default/production/_ext/285195972/OledGrph.o
 .debug_line        0x65fe        0x21b build/default/production/_ext/285195972/lcd_drv.o
 .debug_line        0x6819        0x28f build/default/production/_ext/285195972/OledChar.o
 .debug_line        0x6aa8        0x3fc build/default/production/_ext/285195972/dogm-graphic.o
 .debug_line        0x6ea4        0x53a build/default/production/_ext/1360937237/main.o
 .debug_line        0x73de        0x6a7 build/default/production/_ext/1360937237/gfx.o
 .debug_line        0x7a85        0x154 build/default/production/_ext/1360937237/timers.o
 .debug_line        0x7bd9        0x4d4 build/default/production/_ext/1360937237/is66.o
 .debug_line        0x80ad        0x699 build/default/production/_ext/1360937237/sca3300.o
 .debug_line        0x8746        0x22d build/default/production/_ext/1360937237/imu.o
 .debug_line        0x8973         0x5e /ldrv/opt/microchip/xc32/v5.00/pic32a/bin/bin/../../lib/libc99-pic30-elf.a(extendsfdf.aa.AA_eo)
 .debug_line        0x89d1         0x50 /ldrv/opt/microchip/xc32/v5.00/pic32a/bin/bin/../../lib/libc99-pic30-elf.a(funpack.aa.AA_eo)

.debug_frame        0x0000       0x1b40
 *(.debug_frame)
 .debug_frame       0x0000         0x54 build/default/production/_ext/60163342/plib_adc2.o
 .debug_frame       0x0054         0xc4 build/default/production/_ext/60165246/plib_sccp1.o
 .debug_frame       0x0118         0xc4 build/default/production/_ext/60165246/plib_sccp2.o
 .debug_frame       0x01dc         0x24 build/default/production/_ext/60165520/plib_clk.o
 .debug_frame       0x0200         0x44 build/default/production/_ext/165463675/plib_cmp1.o
 .debug_frame       0x0244        0x144 build/default/production/_ext/60166502/plib_dma.o
 .debug_frame       0x0388         0xa4 build/default/production/_ext/1865254177/plib_gpio.o
 .debug_frame       0x042c         0xb4 build/default/production/_ext/1865312166/plib_intc.o
 .debug_frame       0x04e0         0x34 build/default/production/_ext/60177166/plib_opa2.o
 .debug_frame       0x0514         0x34 build/default/production/_ext/60178356/plib_pwm.o
 .debug_frame       0x0548         0x34 build/default/production/_ext/60178755/plib_qei1.o
 .debug_frame       0x057c         0xa4 build/default/production/_ext/1868329136/plib_spi3_host.o
 .debug_frame       0x0620         0xfc build/default/production/_ext/1868329136/plib_spi2_host.o
 .debug_frame       0x071c         0xfc build/default/production/_ext/1868329136/plib_spi1_host.o
 .debug_frame       0x0818        0x114 build/default/production/_ext/60181895/plib_tmr1.o
 .debug_frame       0x092c        0x1a0 build/default/production/_ext/1865657120/plib_uart1.o
 .debug_frame       0x0acc         0x34 build/default/production/_ext/163028504/xc32_monitor.o
 .debug_frame       0x0b00         0x24 build/default/production/_ext/1171490990/initialization.o
 .debug_frame       0x0b24        0x30c build/default/production/_ext/1171490990/interrupts.o
 .debug_frame       0x0e30        0x178 build/default/production/_ext/1171490990/traps.o
 .debug_frame       0x0fa8        0x168 build/default/production/_ext/285195972/OledDriver.o
 .debug_frame       0x1110        0x1bc build/default/production/_ext/285195972/eadog.o
 .debug_frame       0x12cc        0x218 build/default/production/_ext/285195972/OledGrph.o
 .debug_frame       0x14e4         0x68 build/default/production/_ext/285195972/lcd_drv.o
 .debug_frame       0x154c         0xa8 build/default/production/_ext/285195972/OledChar.o
 .debug_frame       0x15f4         0xe4 build/default/production/_ext/285195972/dogm-graphic.o
 .debug_frame       0x16d8        0x170 build/default/production/_ext/1360937237/main.o
 .debug_frame       0x1848         0xb4 build/default/production/_ext/1360937237/gfx.o
 .debug_frame       0x18fc         0x64 build/default/production/_ext/1360937237/timers.o
 .debug_frame       0x1960         0x8c build/default/production/_ext/1360937237/is66.o
 .debug_frame       0x19ec        0x108 build/default/production/_ext/1360937237/sca3300.o
 .debug_frame       0x1af4         0x4c build/default/production/_ext/1360937237/imu.o

.debug_str          0x0000        0xbc5
 *(.debug_str)
 .debug_str         0x0000         0x38 build/default/production/_ext/60163342/plib_adc2.o
 .debug_str         0x0038         0x14 build/default/production/_ext/60165246/plib_sccp1.o
 .debug_str         0x004c         0x14 build/default/production/_ext/60165246/plib_sccp2.o
 .debug_str         0x0060         0x4a build/default/production/_ext/60165520/plib_clk.o
 .debug_str         0x00aa          0x0 build/default/production/_ext/165463675/plib_cmp1.o
 .debug_str         0x00aa         0xb2 build/default/production/_ext/60166502/plib_dma.o
 .debug_str         0x015c          0xa build/default/production/_ext/1865254177/plib_gpio.o
 .debug_str         0x0166          0x7 build/default/production/_ext/1865312166/plib_intc.o
 .debug_str         0x016d          0x0 build/default/production/_ext/60177166/plib_opa2.o
 .debug_str         0x016d         0x39 build/default/production/_ext/60178356/plib_pwm.o
 .debug_str         0x01a6          0x0 build/default/production/_ext/60178755/plib_qei1.o
 .debug_str         0x01a6         0x1b build/default/production/_ext/1868329136/plib_spi3_host.o
 .debug_str         0x01c1         0x42 build/default/production/_ext/1868329136/plib_spi2_host.o
 .debug_str         0x0203         0x42 build/default/production/_ext/1868329136/plib_spi1_host.o
 .debug_str         0x0245         0x1c build/default/production/_ext/60181895/plib_tmr1.o
 .debug_str         0x0261         0xcb build/default/production/_ext/1865657120/plib_uart1.o
 .debug_str         0x032c          0x0 build/default/production/_ext/163028504/xc32_monitor.o
 .debug_str         0x032c        0x10c build/default/production/_ext/1171490990/initialization.o
 .debug_str         0x0438        0x150 build/default/production/_ext/1171490990/interrupts.o
 .debug_str         0x0588          0xd build/default/production/_ext/1171490990/traps.o
 .debug_str         0x0595          0xd build/default/production/_ext/285195972/ChrFont0.o
 .debug_str         0x05a2          0xd build/default/production/_ext/285195972/FillPat.o
 .debug_str         0x05af         0xb5 build/default/production/_ext/285195972/OledDriver.o
 .debug_str         0x0664          0xd build/default/production/_ext/285195972/foo.o
 .debug_str         0x0671         0x42 build/default/production/_ext/285195972/eadog.o
 .debug_str         0x06b3         0x63 build/default/production/_ext/285195972/OledGrph.o
 .debug_str         0x0716         0xaa build/default/production/_ext/285195972/lcd_drv.o
 .debug_str         0x07c0         0x18 build/default/production/_ext/285195972/OledChar.o
 .debug_str         0x07d8         0x53 build/default/production/_ext/285195972/dogm-graphic.o
 .debug_str         0x082b        0x13a build/default/production/_ext/1360937237/main.o
 .debug_str         0x0965         0x23 build/default/production/_ext/1360937237/gfx.o
 .debug_str         0x0988          0xd build/default/production/_ext/1360937237/timers.o
 .debug_str         0x0995         0xe6 build/default/production/_ext/1360937237/is66.o
 .debug_str         0x0a7b         0x86 build/default/production/_ext/1360937237/sca3300.o
 .debug_str         0x0b01         0x23 build/default/production/_ext/1360937237/imu.o
 .debug_str         0x0b24         0x52 /ldrv/opt/microchip/xc32/v5.00/pic32a/bin/bin/../../lib/libc99-pic30-elf.a(extendsfdf.aa.AA_eo)
 .debug_str         0x0b76         0x4f /ldrv/opt/microchip/xc32/v5.00/pic32a/bin/bin/../../lib/libc99-pic30-elf.a(funpack.aa.AA_eo)

.debug_loc          0x0000       0x6126
 *(.debug_loc)
 .debug_loc         0x0000        0x13c build/default/production/_ext/60163342/plib_adc2.o
 .debug_loc         0x013c         0x2b build/default/production/_ext/60165246/plib_sccp1.o
 .debug_loc         0x0167         0x2b build/default/production/_ext/60165246/plib_sccp2.o
 .debug_loc         0x0192         0x17 build/default/production/_ext/60165520/plib_clk.o
 .debug_loc         0x01a9         0x13 build/default/production/_ext/165463675/plib_cmp1.o
 .debug_loc         0x01bc        0x663 build/default/production/_ext/60166502/plib_dma.o
 .debug_loc         0x081f        0x16b build/default/production/_ext/1865254177/plib_gpio.o
 .debug_loc         0x098a        0x13e build/default/production/_ext/1865312166/plib_intc.o
 .debug_loc         0x0ac8         0x28 build/default/production/_ext/60177166/plib_opa2.o
 .debug_loc         0x0af0        0x585 build/default/production/_ext/1868329136/plib_spi3_host.o
 .debug_loc         0x1075        0x610 build/default/production/_ext/1868329136/plib_spi2_host.o
 .debug_loc         0x1685        0x610 build/default/production/_ext/1868329136/plib_spi1_host.o
 .debug_loc         0x1c95         0x9e build/default/production/_ext/60181895/plib_tmr1.o
 .debug_loc         0x1d33        0x749 build/default/production/_ext/1865657120/plib_uart1.o
 .debug_loc         0x247c         0x21 build/default/production/_ext/163028504/xc32_monitor.o
 .debug_loc         0x249d         0x21 build/default/production/_ext/1171490990/initialization.o
 .debug_loc         0x24be         0x21 build/default/production/_ext/1171490990/traps.o
 .debug_loc         0x24df        0x324 build/default/production/_ext/285195972/OledDriver.o
 .debug_loc         0x2803        0x7b0 build/default/production/_ext/285195972/eadog.o
 .debug_loc         0x2fb3       0x130a build/default/production/_ext/285195972/OledGrph.o
 .debug_loc         0x42bd         0xb7 build/default/production/_ext/285195972/lcd_drv.o
 .debug_loc         0x4374        0x1e5 build/default/production/_ext/285195972/OledChar.o
 .debug_loc         0x4559        0x5b8 build/default/production/_ext/285195972/dogm-graphic.o
 .debug_loc         0x4b11        0x4c6 build/default/production/_ext/1360937237/main.o
 .debug_loc         0x4fd7        0x656 build/default/production/_ext/1360937237/gfx.o
 .debug_loc         0x562d        0x148 build/default/production/_ext/1360937237/timers.o
 .debug_loc         0x5775         0x55 build/default/production/_ext/1360937237/is66.o
 .debug_loc         0x57ca        0x748 build/default/production/_ext/1360937237/sca3300.o
 .debug_loc         0x5f12        0x214 build/default/production/_ext/1360937237/imu.o

.debug_macinfo
 *(.debug_macinfo)

.debug_pubnames
 *(.debug_pubnames)

.debug_ranges       0x0000        0xf90
 *(.debug_ranges)
 .debug_ranges      0x0000         0x40 build/default/production/_ext/60163342/plib_adc2.o
 .debug_ranges      0x0040         0x60 build/default/production/_ext/60165246/plib_sccp1.o
 .debug_ranges      0x00a0         0x60 build/default/production/_ext/60165246/plib_sccp2.o
 .debug_ranges      0x0100         0x10 build/default/production/_ext/60165520/plib_clk.o
 .debug_ranges      0x0110         0x20 build/default/production/_ext/165463675/plib_cmp1.o
 .debug_ranges      0x0130         0xa0 build/default/production/_ext/60166502/plib_dma.o
 .debug_ranges      0x01d0         0x50 build/default/production/_ext/1865254177/plib_gpio.o
 .debug_ranges      0x0220         0x58 build/default/production/_ext/1865312166/plib_intc.o
 .debug_ranges      0x0278         0x18 build/default/production/_ext/60177166/plib_opa2.o
 .debug_ranges      0x0290         0x18 build/default/production/_ext/60178356/plib_pwm.o
 .debug_ranges      0x02a8         0x18 build/default/production/_ext/60178755/plib_qei1.o
 .debug_ranges      0x02c0         0x48 build/default/production/_ext/1868329136/plib_spi3_host.o
 .debug_ranges      0x0308         0xe0 build/default/production/_ext/1868329136/plib_spi2_host.o
 .debug_ranges      0x03e8         0xe0 build/default/production/_ext/1868329136/plib_spi1_host.o
 .debug_ranges      0x04c8         0x88 build/default/production/_ext/60181895/plib_tmr1.o
 .debug_ranges      0x0550        0x1d0 build/default/production/_ext/1865657120/plib_uart1.o
 .debug_ranges      0x0720         0x10 build/default/production/_ext/163028504/xc32_monitor.o
 .debug_ranges      0x0730         0x10 build/default/production/_ext/1171490990/initialization.o
 .debug_ranges      0x0740         0x80 build/default/production/_ext/1171490990/interrupts.o
 .debug_ranges      0x07c0         0x40 build/default/production/_ext/1171490990/traps.o
 .debug_ranges      0x0800         0x88 build/default/production/_ext/285195972/OledDriver.o
 .debug_ranges      0x0888        0x218 build/default/production/_ext/285195972/eadog.o
 .debug_ranges      0x0aa0         0xf0 build/default/production/_ext/285195972/OledGrph.o
 .debug_ranges      0x0b90         0x30 build/default/production/_ext/285195972/lcd_drv.o
 .debug_ranges      0x0bc0         0x50 build/default/production/_ext/285195972/OledChar.o
 .debug_ranges      0x0c10         0x78 build/default/production/_ext/285195972/dogm-graphic.o
 .debug_ranges      0x0c88         0x38 build/default/production/_ext/1360937237/main.o
 .debug_ranges      0x0cc0        0x140 build/default/production/_ext/1360937237/gfx.o
 .debug_ranges      0x0e00         0x48 build/default/production/_ext/1360937237/timers.o
 .debug_ranges      0x0e48         0x38 build/default/production/_ext/1360937237/is66.o
 .debug_ranges      0x0e80         0xd8 build/default/production/_ext/1360937237/sca3300.o
 .debug_ranges      0x0f58         0x38 build/default/production/_ext/1360937237/imu.o

.debug_aranges      0x0000        0xc90
 *(.debug_aranges)
 .debug_aranges
                    0x0000         0x38 build/default/production/_ext/60163342/plib_adc2.o
 .debug_aranges
                    0x0038         0x70 build/default/production/_ext/60165246/plib_sccp1.o
 .debug_aranges
                    0x00a8         0x70 build/default/production/_ext/60165246/plib_sccp2.o
 .debug_aranges
                    0x0118         0x20 build/default/production/_ext/60165520/plib_clk.o
 .debug_aranges
                    0x0138         0x30 build/default/production/_ext/165463675/plib_cmp1.o
 .debug_aranges
                    0x0168         0xb0 build/default/production/_ext/60166502/plib_dma.o
 .debug_aranges
                    0x0218         0x60 build/default/production/_ext/1865254177/plib_gpio.o
 .debug_aranges
                    0x0278         0x68 build/default/production/_ext/1865312166/plib_intc.o
 .debug_aranges
                    0x02e0         0x28 build/default/production/_ext/60177166/plib_opa2.o
 .debug_aranges
                    0x0308         0x28 build/default/production/_ext/60178356/plib_pwm.o
 .debug_aranges
                    0x0330         0x28 build/default/production/_ext/60178755/plib_qei1.o
 .debug_aranges
                    0x0358         0x58 build/default/production/_ext/1868329136/plib_spi3_host.o
 .debug_aranges
                    0x03b0         0x80 build/default/production/_ext/1868329136/plib_spi2_host.o
 .debug_aranges
                    0x0430         0x80 build/default/production/_ext/1868329136/plib_spi1_host.o
 .debug_aranges
                    0x04b0         0x98 build/default/production/_ext/60181895/plib_tmr1.o
 .debug_aranges
                    0x0548         0xd0 build/default/production/_ext/1865657120/plib_uart1.o
 .debug_aranges
                    0x0618         0x20 build/default/production/_ext/163028504/xc32_monitor.o
 .debug_aranges
                    0x0638         0x20 build/default/production/_ext/1171490990/initialization.o
 .debug_aranges
                    0x0658         0x90 build/default/production/_ext/1171490990/interrupts.o
 .debug_aranges
                    0x06e8         0x50 build/default/production/_ext/1171490990/traps.o
 .debug_aranges
                    0x0738         0x18 build/default/production/_ext/285195972/ChrFont0.o
 .debug_aranges
                    0x0750         0x18 build/default/production/_ext/285195972/FillPat.o
 .debug_aranges
                    0x0768         0x80 build/default/production/_ext/285195972/OledDriver.o
 .debug_aranges
                    0x07e8         0x18 build/default/production/_ext/285195972/foo.o
 .debug_aranges
                    0x0800         0xc0 build/default/production/_ext/285195972/eadog.o
 .debug_aranges
                    0x08c0         0xe8 build/default/production/_ext/285195972/OledGrph.o
 .debug_aranges
                    0x09a8         0x40 build/default/production/_ext/285195972/lcd_drv.o
 .debug_aranges
                    0x09e8         0x60 build/default/production/_ext/285195972/OledChar.o
 .debug_aranges
                    0x0a48         0x70 build/default/production/_ext/285195972/dogm-graphic.o
 .debug_aranges
                    0x0ab8         0x28 build/default/production/_ext/1360937237/main.o
 .debug_aranges
                    0x0ae0         0x40 build/default/production/_ext/1360937237/gfx.o
 .debug_aranges
                    0x0b20         0x40 build/default/production/_ext/1360937237/timers.o
 .debug_aranges
                    0x0b60         0x48 build/default/production/_ext/1360937237/is66.o
 .debug_aranges
                    0x0ba8         0x78 build/default/production/_ext/1360937237/sca3300.o
 .debug_aranges
                    0x0c20         0x30 build/default/production/_ext/1360937237/imu.o
 .debug_aranges
                    0x0c50         0x20 /ldrv/opt/microchip/xc32/v5.00/pic32a/bin/bin/../../lib/libc99-pic30-elf.a(extendsfdf.aa.AA_eo)
 .debug_aranges
                    0x0c70         0x20 /ldrv/opt/microchip/xc32/v5.00/pic32a/bin/bin/../../lib/libc99-pic30-elf.a(funpack.aa.AA_eo)
                    0x0000                  PC = 0x0
                    0x0000                  _PC = 0x0
                    0x0000                  _PCbits = 0x0
                    0x0004                  SPLIM = 0x4
                    0x0004                  _SPLIM = 0x4
                    0x0004                  _SPLIMbits = 0x4
                    0x0008                  RCOUNT = 0x8
                    0x0008                  _RCOUNT = 0x8
                    0x000c                  DISIIPL = 0xc
                    0x000c                  _DISIIPL = 0xc
                    0x000c                  _DISIIPLbits = 0xc
                    0x0010                  CORCON = 0x10
                    0x0010                  _CORCON = 0x10
                    0x0010                  _CORCONbits = 0x10
                    0x0014                  MODCON = 0x14
                    0x0014                  _MODCON = 0x14
                    0x0014                  _MODCONbits = 0x14
                    0x0018                  XMODSRT = 0x18
                    0x0018                  _XMODSRT = 0x18
                    0x0018                  _XMODSRTbits = 0x18
                    0x001c                  XMODEND = 0x1c
                    0x001c                  _XMODEND = 0x1c
                    0x001c                  _XMODENDbits = 0x1c
                    0x0020                  YMODSRT = 0x20
                    0x0020                  _YMODSRT = 0x20
                    0x0020                  _YMODSRTbits = 0x20
                    0x0024                  YMODEND = 0x24
                    0x0024                  _YMODEND = 0x24
                    0x0024                  _YMODENDbits = 0x24
                    0x0028                  XBREV = 0x28
                    0x0028                  _XBREV = 0x28
                    0x0028                  _XBREVbits = 0x28
                    0x002c                  PCTRAP = 0x2c
                    0x002c                  _PCTRAP = 0x2c
                    0x002c                  _PCTRAPbits = 0x2c
                    0x0030                  FEX = 0x30
                    0x0030                  _FEX = 0x30
                    0x0034                  FEX2 = 0x34
                    0x0034                  _FEX2 = 0x34
                    0x0038                  PCHOLD = 0x38
                    0x0038                  _PCHOLD = 0x38
                    0x0038                  _PCHOLDbits = 0x38
                    0x003c                  VFA = 0x3c
                    0x003c                  _VFA = 0x3c
                    0x003c                  _VFAbits = 0x3c
                    0x0070                  INTCON1 = 0x70
                    0x0070                  _INTCON1 = 0x70
                    0x0070                  _INTCON1bits = 0x70
                    0x0074                  INTCON2 = 0x74
                    0x0074                  _INTCON2 = 0x74
                    0x0074                  _INTCON2bits = 0x74
                    0x0078                  INTCON3 = 0x78
                    0x0078                  _INTCON3 = 0x78
                    0x0078                  _INTCON3bits = 0x78
                    0x007c                  INTCON4 = 0x7c
                    0x007c                  _INTCON4 = 0x7c
                    0x007c                  _INTCON4bits = 0x7c
                    0x0080                  INTCON5 = 0x80
                    0x0080                  _INTCON5 = 0x80
                    0x0080                  _INTCON5bits = 0x80
                    0x0084                  INTTREG = 0x84
                    0x0084                  _INTTREG = 0x84
                    0x0084                  _INTTREGbits = 0x84
                    0x0088                  IVTBASE = 0x88
                    0x0088                  _IVTBASE = 0x88
                    0x008c                  IVTCREG = 0x8c
                    0x008c                  _IVTCREG = 0x8c
                    0x008c                  _IVTCREGbits = 0x8c
                    0x0090                  IFS0 = 0x90
                    0x0090                  _IFS0 = 0x90
                    0x0090                  _IFS0bits = 0x90
                    0x0094                  IFS1 = 0x94
                    0x0094                  _IFS1 = 0x94
                    0x0094                  _IFS1bits = 0x94
                    0x0098                  IFS2 = 0x98
                    0x0098                  _IFS2 = 0x98
                    0x0098                  _IFS2bits = 0x98
                    0x009c                  IFS3 = 0x9c
                    0x009c                  _IFS3 = 0x9c
                    0x009c                  _IFS3bits = 0x9c
                    0x00a0                  IFS4 = 0xa0
                    0x00a0                  _IFS4 = 0xa0
                    0x00a0                  _IFS4bits = 0xa0
                    0x00a4                  IFS5 = 0xa4
                    0x00a4                  _IFS5 = 0xa4
                    0x00a4                  _IFS5bits = 0xa4
                    0x00a8                  IFS6 = 0xa8
                    0x00a8                  _IFS6 = 0xa8
                    0x00a8                  _IFS6bits = 0xa8
                    0x00ac                  IFS7 = 0xac
                    0x00ac                  _IFS7 = 0xac
                    0x00ac                  _IFS7bits = 0xac
                    0x00b0                  IFS8 = 0xb0
                    0x00b0                  _IFS8 = 0xb0
                    0x00b0                  _IFS8bits = 0xb0
                    0x00b4                  IEC0 = 0xb4
                    0x00b4                  _IEC0 = 0xb4
                    0x00b4                  _IEC0bits = 0xb4
                    0x00b8                  IEC1 = 0xb8
                    0x00b8                  _IEC1 = 0xb8
                    0x00b8                  _IEC1bits = 0xb8
                    0x00bc                  IEC2 = 0xbc
                    0x00bc                  _IEC2 = 0xbc
                    0x00bc                  _IEC2bits = 0xbc
                    0x00c0                  IEC3 = 0xc0
                    0x00c0                  _IEC3 = 0xc0
                    0x00c0                  _IEC3bits = 0xc0
                    0x00c4                  IEC4 = 0xc4
                    0x00c4                  _IEC4 = 0xc4
                    0x00c4                  _IEC4bits = 0xc4
                    0x00c8                  IEC5 = 0xc8
                    0x00c8                  _IEC5 = 0xc8
                    0x00c8                  _IEC5bits = 0xc8
                    0x00cc                  IEC6 = 0xcc
                    0x00cc                  _IEC6 = 0xcc
                    0x00cc                  _IEC6bits = 0xcc
                    0x00d0                  IEC7 = 0xd0
                    0x00d0                  _IEC7 = 0xd0
                    0x00d0                  _IEC7bits = 0xd0
                    0x00d4                  IEC8 = 0xd4
                    0x00d4                  _IEC8 = 0xd4
                    0x00d4                  _IEC8bits = 0xd4
                    0x00d8                  IPC0 = 0xd8
                    0x00d8                  _IPC0 = 0xd8
                    0x00d8                  _IPC0bits = 0xd8
                    0x00dc                  IPC1 = 0xdc
                    0x00dc                  _IPC1 = 0xdc
                    0x00dc                  _IPC1bits = 0xdc
                    0x00e0                  IPC2 = 0xe0
                    0x00e0                  _IPC2 = 0xe0
                    0x00e0                  _IPC2bits = 0xe0
                    0x00e4                  IPC3 = 0xe4
                    0x00e4                  _IPC3 = 0xe4
                    0x00e4                  _IPC3bits = 0xe4
                    0x00e8                  IPC4 = 0xe8
                    0x00e8                  _IPC4 = 0xe8
                    0x00e8                  _IPC4bits = 0xe8
                    0x00ec                  IPC5 = 0xec
                    0x00ec                  _IPC5 = 0xec
                    0x00ec                  _IPC5bits = 0xec
                    0x00f0                  IPC6 = 0xf0
                    0x00f0                  _IPC6 = 0xf0
                    0x00f0                  _IPC6bits = 0xf0
                    0x00f4                  IPC7 = 0xf4
                    0x00f4                  _IPC7 = 0xf4
                    0x00f4                  _IPC7bits = 0xf4
                    0x00f8                  IPC8 = 0xf8
                    0x00f8                  _IPC8 = 0xf8
                    0x00f8                  _IPC8bits = 0xf8
                    0x00fc                  IPC9 = 0xfc
                    0x00fc                  _IPC9 = 0xfc
                    0x00fc                  _IPC9bits = 0xfc
                    0x0100                  IPC10 = 0x100
                    0x0100                  _IPC10 = 0x100
                    0x0100                  _IPC10bits = 0x100
                    0x0104                  IPC11 = 0x104
                    0x0104                  _IPC11 = 0x104
                    0x0104                  _IPC11bits = 0x104
                    0x0108                  IPC12 = 0x108
                    0x0108                  _IPC12 = 0x108
                    0x0108                  _IPC12bits = 0x108
                    0x010c                  IPC13 = 0x10c
                    0x010c                  _IPC13 = 0x10c
                    0x010c                  _IPC13bits = 0x10c
                    0x0110                  IPC14 = 0x110
                    0x0110                  _IPC14 = 0x110
                    0x0110                  _IPC14bits = 0x110
                    0x0114                  IPC15 = 0x114
                    0x0114                  _IPC15 = 0x114
                    0x0114                  _IPC15bits = 0x114
                    0x0118                  IPC16 = 0x118
                    0x0118                  _IPC16 = 0x118
                    0x0118                  _IPC16bits = 0x118
                    0x011c                  IPC17 = 0x11c
                    0x011c                  _IPC17 = 0x11c
                    0x011c                  _IPC17bits = 0x11c
                    0x0120                  IPC18 = 0x120
                    0x0120                  _IPC18 = 0x120
                    0x0120                  _IPC18bits = 0x120
                    0x0124                  IPC19 = 0x124
                    0x0124                  _IPC19 = 0x124
                    0x0124                  _IPC19bits = 0x124
                    0x0128                  IPC20 = 0x128
                    0x0128                  _IPC20 = 0x128
                    0x0128                  _IPC20bits = 0x128
                    0x012c                  IPC21 = 0x12c
                    0x012c                  _IPC21 = 0x12c
                    0x012c                  _IPC21bits = 0x12c
                    0x0130                  IPC22 = 0x130
                    0x0130                  _IPC22 = 0x130
                    0x0130                  _IPC22bits = 0x130
                    0x0134                  IPC23 = 0x134
                    0x0134                  _IPC23 = 0x134
                    0x0134                  _IPC23bits = 0x134
                    0x0138                  IPC24 = 0x138
                    0x0138                  _IPC24 = 0x138
                    0x0138                  _IPC24bits = 0x138
                    0x013c                  IPC25 = 0x13c
                    0x013c                  _IPC25 = 0x13c
                    0x013c                  _IPC25bits = 0x13c
                    0x0140                  IPC26 = 0x140
                    0x0140                  _IPC26 = 0x140
                    0x0140                  _IPC26bits = 0x140
                    0x0144                  IPC27 = 0x144
                    0x0144                  _IPC27 = 0x144
                    0x0144                  _IPC27bits = 0x144
                    0x0148                  IPC28 = 0x148
                    0x0148                  _IPC28 = 0x148
                    0x0148                  _IPC28bits = 0x148
                    0x014c                  IPC29 = 0x14c
                    0x014c                  _IPC29 = 0x14c
                    0x014c                  _IPC29bits = 0x14c
                    0x0160                  IPC35 = 0x160
                    0x0160                  _IPC35 = 0x160
                    0x0160                  _IPC35bits = 0x160
                    0x0200                  PORTA = 0x200
                    0x0200                  _PORTA = 0x200
                    0x0200                  _PORTAbits = 0x200
                    0x0204                  LATA = 0x204
                    0x0204                  _LATA = 0x204
                    0x0204                  _LATAbits = 0x204
                    0x0208                  TRISA = 0x208
                    0x0208                  _TRISA = 0x208
                    0x0208                  _TRISAbits = 0x208
                    0x020c                  CNSTATA = 0x20c
                    0x020c                  _CNSTATA = 0x20c
                    0x020c                  _CNSTATAbits = 0x20c
                    0x0210                  CNFA = 0x210
                    0x0210                  _CNFA = 0x210
                    0x0210                  _CNFAbits = 0x210
                    0x0214                  PORTB = 0x214
                    0x0214                  _PORTB = 0x214
                    0x0214                  _PORTBbits = 0x214
                    0x0218                  LATB = 0x218
                    0x0218                  _LATB = 0x218
                    0x0218                  _LATBbits = 0x218
                    0x021c                  TRISB = 0x21c
                    0x021c                  _TRISB = 0x21c
                    0x021c                  _TRISBbits = 0x21c
                    0x0220                  CNSTATB = 0x220
                    0x0220                  _CNSTATB = 0x220
                    0x0220                  _CNSTATBbits = 0x220
                    0x0224                  CNFB = 0x224
                    0x0224                  _CNFB = 0x224
                    0x0224                  _CNFBbits = 0x224
                    0x0228                  PORTC = 0x228
                    0x0228                  _PORTC = 0x228
                    0x0228                  _PORTCbits = 0x228
                    0x022c                  LATC = 0x22c
                    0x022c                  _LATC = 0x22c
                    0x022c                  _LATCbits = 0x22c
                    0x0230                  TRISC = 0x230
                    0x0230                  _TRISC = 0x230
                    0x0230                  _TRISCbits = 0x230
                    0x0234                  CNSTATC = 0x234
                    0x0234                  _CNSTATC = 0x234
                    0x0234                  _CNSTATCbits = 0x234
                    0x0238                  CNFC = 0x238
                    0x0238                  _CNFC = 0x238
                    0x0238                  _CNFCbits = 0x238
                    0x023c                  PORTD = 0x23c
                    0x023c                  _PORTD = 0x23c
                    0x023c                  _PORTDbits = 0x23c
                    0x0240                  LATD = 0x240
                    0x0240                  _LATD = 0x240
                    0x0240                  _LATDbits = 0x240
                    0x0244                  TRISD = 0x244
                    0x0244                  _TRISD = 0x244
                    0x0244                  _TRISDbits = 0x244
                    0x0248                  CNSTATD = 0x248
                    0x0248                  _CNSTATD = 0x248
                    0x0248                  _CNSTATDbits = 0x248
                    0x024c                  CNFD = 0x24c
                    0x024c                  _CNFD = 0x24c
                    0x024c                  _CNFDbits = 0x24c
                    0x02c8                  CRCCON = 0x2c8
                    0x02c8                  _CRCCON = 0x2c8
                    0x02c8                  _CRCCONbits = 0x2c8
                    0x02cc                  CRCXOR = 0x2cc
                    0x02cc                  _CRCXOR = 0x2cc
                    0x02cc                  _CRCXORbits = 0x2cc
                    0x02d0                  CRCDAT = 0x2d0
                    0x02d0                  _CRCDAT = 0x2d0
                    0x02d4                  CRCWDAT = 0x2d4
                    0x02d4                  _CRCWDAT = 0x2d4
                    0x02e0                  UCPROT = 0x2e0
                    0x02e0                  _UCPROT = 0x2e0
                    0x02e0                  _UCPROTbits = 0x2e0
                    0x02e4                  IRTCTRL = 0x2e4
                    0x02e4                  _IRTCTRL = 0x2e4
                    0x02e4                  _IRTCTRLbits = 0x2e4
                    0x02e8                  IRTSTAT = 0x2e8
                    0x02e8                  _IRTSTAT = 0x2e8
                    0x0300                  PR0CTRL = 0x300
                    0x0300                  _PR0CTRL = 0x300
                    0x0300                  _PR0CTRLbits = 0x300
                    0x0304                  PR0ST = 0x304
                    0x0304                  _PR0ST = 0x304
                    0x0304                  _PR0STbits = 0x304
                    0x0308                  PR0END = 0x308
                    0x0308                  _PR0END = 0x308
                    0x0308                  _PR0ENDbits = 0x308
                    0x030c                  PR0LOCK = 0x30c
                    0x030c                  _PR0LOCK = 0x30c
                    0x030c                  _PR0LOCKbits = 0x30c
                    0x0310                  PR1CTRL = 0x310
                    0x0310                  _PR1CTRL = 0x310
                    0x0310                  _PR1CTRLbits = 0x310
                    0x0314                  PR1ST = 0x314
                    0x0314                  _PR1ST = 0x314
                    0x0314                  _PR1STbits = 0x314
                    0x0318                  PR1END = 0x318
                    0x0318                  _PR1END = 0x318
                    0x0318                  _PR1ENDbits = 0x318
                    0x031c                  PR1LOCK = 0x31c
                    0x031c                  _PR1LOCK = 0x31c
                    0x031c                  _PR1LOCKbits = 0x31c
                    0x0320                  PR2CTRL = 0x320
                    0x0320                  _PR2CTRL = 0x320
                    0x0320                  _PR2CTRLbits = 0x320
                    0x0324                  PR2ST = 0x324
                    0x0324                  _PR2ST = 0x324
                    0x0324                  _PR2STbits = 0x324
                    0x0328                  PR2END = 0x328
                    0x0328                  _PR2END = 0x328
                    0x0328                  _PR2ENDbits = 0x328
                    0x032c                  PR2LOCK = 0x32c
                    0x032c                  _PR2LOCK = 0x32c
                    0x032c                  _PR2LOCKbits = 0x32c
                    0x0330                  PR3CTRL = 0x330
                    0x0330                  _PR3CTRL = 0x330
                    0x0330                  _PR3CTRLbits = 0x330
                    0x0334                  PR3ST = 0x334
                    0x0334                  _PR3ST = 0x334
                    0x0334                  _PR3STbits = 0x334
                    0x0338                  PR3END = 0x338
                    0x0338                  _PR3END = 0x338
                    0x0338                  _PR3ENDbits = 0x338
                    0x033c                  PR3LOCK = 0x33c
                    0x033c                  _PR3LOCK = 0x33c
                    0x033c                  _PR3LOCKbits = 0x33c
                    0x0340                  PR4CTRL = 0x340
                    0x0340                  _PR4CTRL = 0x340
                    0x0340                  _PR4CTRLbits = 0x340
                    0x0344                  PR4ST = 0x344
                    0x0344                  _PR4ST = 0x344
                    0x0344                  _PR4STbits = 0x344
                    0x0348                  PR4END = 0x348
                    0x0348                  _PR4END = 0x348
                    0x0348                  _PR4ENDbits = 0x348
                    0x034c                  PR4LOCK = 0x34c
                    0x034c                  _PR4LOCK = 0x34c
                    0x034c                  _PR4LOCKbits = 0x34c
                    0x0350                  PR5CTRL = 0x350
                    0x0350                  _PR5CTRL = 0x350
                    0x0350                  _PR5CTRLbits = 0x350
                    0x0354                  PR5ST = 0x354
                    0x0354                  _PR5ST = 0x354
                    0x0354                  _PR5STbits = 0x354
                    0x0358                  PR5END = 0x358
                    0x0358                  _PR5END = 0x358
                    0x0358                  _PR5ENDbits = 0x358
                    0x035c                  PR5LOCK = 0x35c
                    0x035c                  _PR5LOCK = 0x35c
                    0x035c                  _PR5LOCKbits = 0x35c
                    0x0360                  PR6CTRL = 0x360
                    0x0360                  _PR6CTRL = 0x360
                    0x0360                  _PR6CTRLbits = 0x360
                    0x0364                  PR6ST = 0x364
                    0x0364                  _PR6ST = 0x364
                    0x0364                  _PR6STbits = 0x364
                    0x0368                  PR6END = 0x368
                    0x0368                  _PR6END = 0x368
                    0x0368                  _PR6ENDbits = 0x368
                    0x036c                  PR6LOCK = 0x36c
                    0x036c                  _PR6LOCK = 0x36c
                    0x036c                  _PR6LOCKbits = 0x36c
                    0x0370                  PR7CTRL = 0x370
                    0x0370                  _PR7CTRL = 0x370
                    0x0370                  _PR7CTRLbits = 0x370
                    0x0374                  PR7ST = 0x374
                    0x0374                  _PR7ST = 0x374
                    0x0374                  _PR7STbits = 0x374
                    0x0378                  PR7END = 0x378
                    0x0378                  _PR7END = 0x378
                    0x0378                  _PR7ENDbits = 0x378
                    0x037c                  PR7LOCK = 0x37c
                    0x037c                  _PR7LOCK = 0x37c
                    0x037c                  _PR7LOCKbits = 0x37c
                    0x0770                  BMXINITPR = 0x770
                    0x0770                  _BMXINITPR = 0x770
                    0x0770                  _BMXINITPRbits = 0x770
                    0x0774                  BMXIRAML = 0x774
                    0x0774                  _BMXIRAML = 0x774
                    0x0778                  BMXIRAMH = 0x778
                    0x0778                  _BMXIRAMH = 0x778
                    0x077c                  BMXXDATERR = 0x77c
                    0x077c                  _BMXXDATERR = 0x77c
                    0x077c                  _BMXXDATERRbits = 0x77c
                    0x0780                  BMXYDATERR = 0x780
                    0x0780                  _BMXYDATERR = 0x780
                    0x0780                  _BMXYDATERRbits = 0x780
                    0x0784                  BMXDMAERR = 0x784
                    0x0784                  _BMXDMAERR = 0x784
                    0x0784                  _BMXDMAERRbits = 0x784
                    0x0788                  BMXNVMERR = 0x788
                    0x0788                  _BMXNVMERR = 0x788
                    0x0788                  _BMXNVMERRbits = 0x788
                    0x078c                  BMXICDERR = 0x78c
                    0x078c                  _BMXICDERR = 0x78c
                    0x078c                  _BMXICDERRbits = 0x78c
                    0x0800                  AD1CON = 0x800
                    0x0800                  _AD1CON = 0x800
                    0x0800                  _AD1CONbits = 0x800
                    0x0804                  AD1DATAOVR = 0x804
                    0x0804                  _AD1DATAOVR = 0x804
                    0x0808                  AD1STAT = 0x808
                    0x0808                  _AD1STAT = 0x808
                    0x0808                  _AD1STATbits = 0x808
                    0x080c                  AD1CMPSTAT = 0x80c
                    0x080c                  _AD1CMPSTAT = 0x80c
                    0x080c                  _AD1CMPSTATbits = 0x80c
                    0x0810                  AD1SWTRG = 0x810
                    0x0810                  _AD1SWTRG = 0x810
                    0x0810                  _AD1SWTRGbits = 0x810
                    0x0814                  AD1CH0CON = 0x814
                    0x0814                  _AD1CH0CON = 0x814
                    0x0814                  _AD1CH0CONbits = 0x814
                    0x0818                  AD1CH0DATA = 0x818
                    0x0818                  _AD1CH0DATA = 0x818
                    0x081c                  AD1CH0CNT = 0x81c
                    0x081c                  _AD1CH0CNT = 0x81c
                    0x081c                  _AD1CH0CNTbits = 0x81c
                    0x0820                  AD1CH0CMPLO = 0x820
                    0x0820                  _AD1CH0CMPLO = 0x820
                    0x0824                  AD1CH0CMPHI = 0x824
                    0x0824                  _AD1CH0CMPHI = 0x824
                    0x0828                  AD1CH0ACC = 0x828
                    0x0828                  _AD1CH0ACC = 0x828
                    0x082c                  AD1CH1CON = 0x82c
                    0x082c                  _AD1CH1CON = 0x82c
                    0x082c                  _AD1CH1CONbits = 0x82c
                    0x0830                  AD1CH1DATA = 0x830
                    0x0830                  _AD1CH1DATA = 0x830
                    0x0834                  AD1CH1CNT = 0x834
                    0x0834                  _AD1CH1CNT = 0x834
                    0x0834                  _AD1CH1CNTbits = 0x834
                    0x0838                  AD1CH1CMPLO = 0x838
                    0x0838                  _AD1CH1CMPLO = 0x838
                    0x083c                  AD1CH1CMPHI = 0x83c
                    0x083c                  _AD1CH1CMPHI = 0x83c
                    0x0840                  AD1CH1ACC = 0x840
                    0x0840                  _AD1CH1ACC = 0x840
                    0x0844                  AD1CH2CON = 0x844
                    0x0844                  _AD1CH2CON = 0x844
                    0x0844                  _AD1CH2CONbits = 0x844
                    0x0848                  AD1CH2DATA = 0x848
                    0x0848                  _AD1CH2DATA = 0x848
                    0x084c                  AD1CH2CNT = 0x84c
                    0x084c                  _AD1CH2CNT = 0x84c
                    0x084c                  _AD1CH2CNTbits = 0x84c
                    0x0850                  AD1CH2CMPLO = 0x850
                    0x0850                  _AD1CH2CMPLO = 0x850
                    0x0854                  AD1CH2CMPHI = 0x854
                    0x0854                  _AD1CH2CMPHI = 0x854
                    0x0858                  AD1CH2ACC = 0x858
                    0x0858                  _AD1CH2ACC = 0x858
                    0x085c                  AD1CH3CON = 0x85c
                    0x085c                  _AD1CH3CON = 0x85c
                    0x085c                  _AD1CH3CONbits = 0x85c
                    0x0860                  AD1CH3DATA = 0x860
                    0x0860                  _AD1CH3DATA = 0x860
                    0x0864                  AD1CH3CNT = 0x864
                    0x0864                  _AD1CH3CNT = 0x864
                    0x0864                  _AD1CH3CNTbits = 0x864
                    0x0868                  AD1CH3CMPLO = 0x868
                    0x0868                  _AD1CH3CMPLO = 0x868
                    0x086c                  AD1CH3CMPHI = 0x86c
                    0x086c                  _AD1CH3CMPHI = 0x86c
                    0x0870                  AD1CH3ACC = 0x870
                    0x0870                  _AD1CH3ACC = 0x870
                    0x0874                  AD1CH4CON = 0x874
                    0x0874                  _AD1CH4CON = 0x874
                    0x0874                  _AD1CH4CONbits = 0x874
                    0x0878                  AD1CH4DATA = 0x878
                    0x0878                  _AD1CH4DATA = 0x878
                    0x087c                  AD1CH4CNT = 0x87c
                    0x087c                  _AD1CH4CNT = 0x87c
                    0x087c                  _AD1CH4CNTbits = 0x87c
                    0x0880                  AD1CH4CMPLO = 0x880
                    0x0880                  _AD1CH4CMPLO = 0x880
                    0x0884                  AD1CH4CMPHI = 0x884
                    0x0884                  _AD1CH4CMPHI = 0x884
                    0x0888                  AD1CH4ACC = 0x888
                    0x0888                  _AD1CH4ACC = 0x888
                    0x088c                  AD1CH5CON = 0x88c
                    0x088c                  _AD1CH5CON = 0x88c
                    0x088c                  _AD1CH5CONbits = 0x88c
                    0x0890                  AD1CH5DATA = 0x890
                    0x0890                  _AD1CH5DATA = 0x890
                    0x0894                  AD1CH5CNT = 0x894
                    0x0894                  _AD1CH5CNT = 0x894
                    0x0894                  _AD1CH5CNTbits = 0x894
                    0x0898                  AD1CH5CMPLO = 0x898
                    0x0898                  _AD1CH5CMPLO = 0x898
                    0x089c                  AD1CH5CMPHI = 0x89c
                    0x089c                  _AD1CH5CMPHI = 0x89c
                    0x08a0                  AD1CH5ACC = 0x8a0
                    0x08a0                  _AD1CH5ACC = 0x8a0
                    0x08a4                  AD1CH6CON = 0x8a4
                    0x08a4                  _AD1CH6CON = 0x8a4
                    0x08a4                  _AD1CH6CONbits = 0x8a4
                    0x08a8                  AD1CH6DATA = 0x8a8
                    0x08a8                  _AD1CH6DATA = 0x8a8
                    0x08ac                  AD1CH6CNT = 0x8ac
                    0x08ac                  _AD1CH6CNT = 0x8ac
                    0x08ac                  _AD1CH6CNTbits = 0x8ac
                    0x08b0                  AD1CH6CMPLO = 0x8b0
                    0x08b0                  _AD1CH6CMPLO = 0x8b0
                    0x08b4                  AD1CH6CMPHI = 0x8b4
                    0x08b4                  _AD1CH6CMPHI = 0x8b4
                    0x08b8                  AD1CH6ACC = 0x8b8
                    0x08b8                  _AD1CH6ACC = 0x8b8
                    0x08bc                  AD1CH7CON = 0x8bc
                    0x08bc                  _AD1CH7CON = 0x8bc
                    0x08bc                  _AD1CH7CONbits = 0x8bc
                    0x08c0                  AD1CH7DATA = 0x8c0
                    0x08c0                  _AD1CH7DATA = 0x8c0
                    0x08c4                  AD1CH7CNT = 0x8c4
                    0x08c4                  _AD1CH7CNT = 0x8c4
                    0x08c4                  _AD1CH7CNTbits = 0x8c4
                    0x08c8                  AD1CH7CMPLO = 0x8c8
                    0x08c8                  _AD1CH7CMPLO = 0x8c8
                    0x08cc                  AD1CH7CMPHI = 0x8cc
                    0x08cc                  _AD1CH7CMPHI = 0x8cc
                    0x08d0                  AD1CH7ACC = 0x8d0
                    0x08d0                  _AD1CH7ACC = 0x8d0
                    0x08d4                  AD1CH8CON = 0x8d4
                    0x08d4                  _AD1CH8CON = 0x8d4
                    0x08d4                  _AD1CH8CONbits = 0x8d4
                    0x08d8                  AD1CH8DATA = 0x8d8
                    0x08d8                  _AD1CH8DATA = 0x8d8
                    0x08dc                  AD1CH8CNT = 0x8dc
                    0x08dc                  _AD1CH8CNT = 0x8dc
                    0x08dc                  _AD1CH8CNTbits = 0x8dc
                    0x08e0                  AD1CH8CMPLO = 0x8e0
                    0x08e0                  _AD1CH8CMPLO = 0x8e0
                    0x08e4                  AD1CH8CMPHI = 0x8e4
                    0x08e4                  _AD1CH8CMPHI = 0x8e4
                    0x08e8                  AD1CH8ACC = 0x8e8
                    0x08e8                  _AD1CH8ACC = 0x8e8
                    0x08ec                  AD1CH9CON = 0x8ec
                    0x08ec                  _AD1CH9CON = 0x8ec
                    0x08ec                  _AD1CH9CONbits = 0x8ec
                    0x08f0                  AD1CH9DATA = 0x8f0
                    0x08f0                  _AD1CH9DATA = 0x8f0
                    0x08f4                  AD1CH9CNT = 0x8f4
                    0x08f4                  _AD1CH9CNT = 0x8f4
                    0x08f4                  _AD1CH9CNTbits = 0x8f4
                    0x08f8                  AD1CH9CMPLO = 0x8f8
                    0x08f8                  _AD1CH9CMPLO = 0x8f8
                    0x08fc                  AD1CH9CMPHI = 0x8fc
                    0x08fc                  _AD1CH9CMPHI = 0x8fc
                    0x0900                  AD1CH9ACC = 0x900
                    0x0900                  _AD1CH9ACC = 0x900
                    0x0904                  AD1CH10CON = 0x904
                    0x0904                  _AD1CH10CON = 0x904
                    0x0904                  _AD1CH10CONbits = 0x904
                    0x0908                  AD1CH10DATA = 0x908
                    0x0908                  _AD1CH10DATA = 0x908
                    0x090c                  AD1CH10CNT = 0x90c
                    0x090c                  _AD1CH10CNT = 0x90c
                    0x090c                  _AD1CH10CNTbits = 0x90c
                    0x0910                  AD1CH10CMPLO = 0x910
                    0x0910                  _AD1CH10CMPLO = 0x910
                    0x0914                  AD1CH10CMPHI = 0x914
                    0x0914                  _AD1CH10CMPHI = 0x914
                    0x0918                  AD1CH10ACC = 0x918
                    0x0918                  _AD1CH10ACC = 0x918
                    0x091c                  AD1CH11CON = 0x91c
                    0x091c                  _AD1CH11CON = 0x91c
                    0x091c                  _AD1CH11CONbits = 0x91c
                    0x0920                  AD1CH11DATA = 0x920
                    0x0920                  _AD1CH11DATA = 0x920
                    0x0924                  AD1CH11CNT = 0x924
                    0x0924                  _AD1CH11CNT = 0x924
                    0x0924                  _AD1CH11CNTbits = 0x924
                    0x0928                  AD1CH11CMPLO = 0x928
                    0x0928                  _AD1CH11CMPLO = 0x928
                    0x092c                  AD1CH11CMPHI = 0x92c
                    0x092c                  _AD1CH11CMPHI = 0x92c
                    0x0930                  AD1CH11ACC = 0x930
                    0x0930                  _AD1CH11ACC = 0x930
                    0x0934                  AD1CH12CON = 0x934
                    0x0934                  _AD1CH12CON = 0x934
                    0x0934                  _AD1CH12CONbits = 0x934
                    0x0938                  AD1CH12DATA = 0x938
                    0x0938                  _AD1CH12DATA = 0x938
                    0x093c                  AD1CH12CNT = 0x93c
                    0x093c                  _AD1CH12CNT = 0x93c
                    0x093c                  _AD1CH12CNTbits = 0x93c
                    0x0940                  AD1CH12CMPLO = 0x940
                    0x0940                  _AD1CH12CMPLO = 0x940
                    0x0944                  AD1CH12CMPHI = 0x944
                    0x0944                  _AD1CH12CMPHI = 0x944
                    0x0948                  AD1CH12ACC = 0x948
                    0x0948                  _AD1CH12ACC = 0x948
                    0x094c                  AD1CH13CON = 0x94c
                    0x094c                  _AD1CH13CON = 0x94c
                    0x094c                  _AD1CH13CONbits = 0x94c
                    0x0950                  AD1CH13DATA = 0x950
                    0x0950                  _AD1CH13DATA = 0x950
                    0x0954                  AD1CH13CNT = 0x954
                    0x0954                  _AD1CH13CNT = 0x954
                    0x0954                  _AD1CH13CNTbits = 0x954
                    0x0958                  AD1CH13CMPLO = 0x958
                    0x0958                  _AD1CH13CMPLO = 0x958
                    0x095c                  AD1CH13CMPHI = 0x95c
                    0x095c                  _AD1CH13CMPHI = 0x95c
                    0x0960                  AD1CH13ACC = 0x960
                    0x0960                  _AD1CH13ACC = 0x960
                    0x0964                  AD1CH14CON = 0x964
                    0x0964                  _AD1CH14CON = 0x964
                    0x0964                  _AD1CH14CONbits = 0x964
                    0x0968                  AD1CH14DATA = 0x968
                    0x0968                  _AD1CH14DATA = 0x968
                    0x096c                  AD1CH14CNT = 0x96c
                    0x096c                  _AD1CH14CNT = 0x96c
                    0x096c                  _AD1CH14CNTbits = 0x96c
                    0x0970                  AD1CH14CMPLO = 0x970
                    0x0970                  _AD1CH14CMPLO = 0x970
                    0x0974                  AD1CH14CMPHI = 0x974
                    0x0974                  _AD1CH14CMPHI = 0x974
                    0x0978                  AD1CH14ACC = 0x978
                    0x0978                  _AD1CH14ACC = 0x978
                    0x097c                  AD1CH15CON = 0x97c
                    0x097c                  _AD1CH15CON = 0x97c
                    0x097c                  _AD1CH15CONbits = 0x97c
                    0x0980                  AD1CH15DATA = 0x980
                    0x0980                  _AD1CH15DATA = 0x980
                    0x0984                  AD1CH15CNT = 0x984
                    0x0984                  _AD1CH15CNT = 0x984
                    0x0984                  _AD1CH15CNTbits = 0x984
                    0x0988                  AD1CH15CMPLO = 0x988
                    0x0988                  _AD1CH15CMPLO = 0x988